Archive member included because of file (symbol)

c:/freescale/kds_v3/toolchain/bin/../lib/gcc/arm-none-eabi/4.8.4/armv6-m\libgcc.a(_udivsi3.o)
                              ./Generated_Code/UTIL1.o (__aeabi_uidiv)
c:/freescale/kds_v3/toolchain/bin/../lib/gcc/arm-none-eabi/4.8.4/armv6-m\libgcc.a(_divsi3.o)
                              ./Generated_Code/UTIL1.o (__aeabi_idiv)
c:/freescale/kds_v3/toolchain/bin/../lib/gcc/arm-none-eabi/4.8.4/armv6-m\libgcc.a(_dvmd_tls.o)
                              c:/freescale/kds_v3/toolchain/bin/../lib/gcc/arm-none-eabi/4.8.4/armv6-m\libgcc.a(_udivsi3.o) (__aeabi_idiv0)
c:/freescale/kds_v3/toolchain/bin/../lib/gcc/arm-none-eabi/4.8.4/armv6-m\libgcc.a(_arm_cmpsf2.o)
                              ./Generated_Code/UTIL1.o (__aeabi_fcmplt)
c:/freescale/kds_v3/toolchain/bin/../lib/gcc/arm-none-eabi/4.8.4/armv6-m\libgcc.a(_fixunssfsi.o)
                              ./Generated_Code/UTIL1.o (__aeabi_f2uiz)
c:/freescale/kds_v3/toolchain/bin/../lib/gcc/arm-none-eabi/4.8.4/armv6-m\libgcc.a(eqsf2.o)
                              c:/freescale/kds_v3/toolchain/bin/../lib/gcc/arm-none-eabi/4.8.4/armv6-m\libgcc.a(_arm_cmpsf2.o) (__eqsf2)
c:/freescale/kds_v3/toolchain/bin/../lib/gcc/arm-none-eabi/4.8.4/armv6-m\libgcc.a(gesf2.o)
                              c:/freescale/kds_v3/toolchain/bin/../lib/gcc/arm-none-eabi/4.8.4/armv6-m\libgcc.a(_arm_cmpsf2.o) (__gesf2)
c:/freescale/kds_v3/toolchain/bin/../lib/gcc/arm-none-eabi/4.8.4/armv6-m\libgcc.a(lesf2.o)
                              c:/freescale/kds_v3/toolchain/bin/../lib/gcc/arm-none-eabi/4.8.4/armv6-m\libgcc.a(_arm_cmpsf2.o) (__lesf2)
c:/freescale/kds_v3/toolchain/bin/../lib/gcc/arm-none-eabi/4.8.4/armv6-m\libgcc.a(mulsf3.o)
                              ./Generated_Code/UTIL1.o (__aeabi_fmul)
c:/freescale/kds_v3/toolchain/bin/../lib/gcc/arm-none-eabi/4.8.4/armv6-m\libgcc.a(subsf3.o)
                              ./Generated_Code/UTIL1.o (__aeabi_fsub)
c:/freescale/kds_v3/toolchain/bin/../lib/gcc/arm-none-eabi/4.8.4/armv6-m\libgcc.a(fixsfsi.o)
                              ./Generated_Code/UTIL1.o (__aeabi_f2iz)
c:/freescale/kds_v3/toolchain/bin/../lib/gcc/arm-none-eabi/4.8.4/armv6-m\libgcc.a(floatunsisf.o)
                              ./Generated_Code/UTIL1.o (__aeabi_ui2f)
c:/freescale/kds_v3/toolchain/bin/../lib/gcc/arm-none-eabi/4.8.4/armv6-m\libgcc.a(_clzsi2.o)
                              c:/freescale/kds_v3/toolchain/bin/../lib/gcc/arm-none-eabi/4.8.4/armv6-m\libgcc.a(mulsf3.o) (__clzsi2)
c:/freescale/kds_v3/toolchain/bin/../lib/gcc/arm-none-eabi/4.8.4/../../../../arm-none-eabi/lib/armv6-m\libg_s.a(lib_a-assert.o)
                              ./Sources/utils.o (__assert_func)
c:/freescale/kds_v3/toolchain/bin/../lib/gcc/arm-none-eabi/4.8.4/../../../../arm-none-eabi/lib/armv6-m\libg_s.a(lib_a-atoi.o)
                              ./Sources/protocol.o (atoi)
c:/freescale/kds_v3/toolchain/bin/../lib/gcc/arm-none-eabi/4.8.4/../../../../arm-none-eabi/lib/armv6-m\libg_s.a(lib_a-exit.o)
                              c:/freescale/kds_v3/toolchain/bin/../lib/gcc/arm-none-eabi/4.8.4/../../../../arm-none-eabi/lib/armv6-m/crt0.o (exit)
c:/freescale/kds_v3/toolchain/bin/../lib/gcc/arm-none-eabi/4.8.4/../../../../arm-none-eabi/lib/armv6-m\libg_s.a(lib_a-fprintf.o)
                              c:/freescale/kds_v3/toolchain/bin/../lib/gcc/arm-none-eabi/4.8.4/../../../../arm-none-eabi/lib/armv6-m\libg_s.a(lib_a-assert.o) (fiprintf)
c:/freescale/kds_v3/toolchain/bin/../lib/gcc/arm-none-eabi/4.8.4/../../../../arm-none-eabi/lib/armv6-m\libg_s.a(lib_a-impure.o)
                              c:/freescale/kds_v3/toolchain/bin/../lib/gcc/arm-none-eabi/4.8.4/../../../../arm-none-eabi/lib/armv6-m\libg_s.a(lib_a-exit.o) (_global_impure_ptr)
c:/freescale/kds_v3/toolchain/bin/../lib/gcc/arm-none-eabi/4.8.4/../../../../arm-none-eabi/lib/armv6-m\libg_s.a(lib_a-init.o)
                              c:/freescale/kds_v3/toolchain/bin/../lib/gcc/arm-none-eabi/4.8.4/../../../../arm-none-eabi/lib/armv6-m/crt0.o (__libc_init_array)
c:/freescale/kds_v3/toolchain/bin/../lib/gcc/arm-none-eabi/4.8.4/../../../../arm-none-eabi/lib/armv6-m\libg_s.a(lib_a-memcpy-stub.o)
                              ./Generated_Code/queue.o (memcpy)
c:/freescale/kds_v3/toolchain/bin/../lib/gcc/arm-none-eabi/4.8.4/../../../../arm-none-eabi/lib/armv6-m\libg_s.a(lib_a-memset.o)
                              c:/freescale/kds_v3/toolchain/bin/../lib/gcc/arm-none-eabi/4.8.4/../../../../arm-none-eabi/lib/armv6-m/crt0.o (memset)
c:/freescale/kds_v3/toolchain/bin/../lib/gcc/arm-none-eabi/4.8.4/../../../../arm-none-eabi/lib/armv6-m\libg_s.a(lib_a-rand.o)
                              ./Generated_Code/UTIL1.o (srand)
c:/freescale/kds_v3/toolchain/bin/../lib/gcc/arm-none-eabi/4.8.4/../../../../arm-none-eabi/lib/armv6-m\libg_s.a(lib_a-sprintf.o)
                              ./Sources/application.o (sprintf)
[...]
Memory Configuration

Name             Origin             Length             Attributes
m_interrupts     0x00000000         0x000000c0         xr
m_text           0x00000410         0x0001fbf0         xr
m_data           0x1ffff000         0x00004000         rw
m_cfmprotrom     0x00000400         0x00000010         xr
*default*        0x00000000         0xffffffff

Linker script and memory map

LOAD c:/freescale/kds_v3/toolchain/bin/../lib/gcc/arm-none-eabi/4.8.4/armv6-m/crti.o
LOAD c:/freescale/kds_v3/toolchain/bin/../lib/gcc/arm-none-eabi/4.8.4/armv6-m/crtbegin.o
LOAD c:/freescale/kds_v3/toolchain/bin/../lib/gcc/arm-none-eabi/4.8.4/../../../../arm-none-eabi/lib/armv6-m/crt0.o
LOAD ./Sources/Events.o
LOAD ./Sources/RingBuffer.o
LOAD ./Sources/application.o
LOAD ./Sources/frtos_tasks.o
LOAD ./Sources/main.o
LOAD ./Sources/protocol.o
LOAD ./Sources/utils.o
LOAD ./Project_Settings/Startup_Code/startup.o
LOAD ./Generated_Code/AD1.o
LOAD ./Generated_Code/AS1.o
LOAD ./Generated_Code/ASerialLdd1.o
LOAD ./Generated_Code/AdcLdd1.o
LOAD ./Generated_Code/BitIoLdd1.o
LOAD ./Generated_Code/BitIoLdd2.o
LOAD ./Generated_Code/BitIoLdd3.o
LOAD ./Generated_Code/BitIoLdd4.o
LOAD ./Generated_Code/BitIoLdd5.o
LOAD ./Generated_Code/CS1.o
LOAD ./Generated_Code/Cpu.o
LOAD ./Generated_Code/FRTOS1.o
LOAD ./Generated_Code/GI2C1.o
LOAD ./Generated_Code/I2C1.o
LOAD ./Generated_Code/LED_B.o
LOAD ./Generated_Code/LED_G.o
LOAD ./Generated_Code/LED_R.o
LOAD ./Generated_Code/LEDpin1.o
LOAD ./Generated_Code/LEDpin2.o
LOAD ./Generated_Code/LEDpin3.o
LOAD ./Generated_Code/MCUC1.o
LOAD ./Generated_Code/MMA1.o
LOAD ./Generated_Code/PE_LDD.o
LOAD ./Generated_Code/SCL1.o
LOAD ./Generated_Code/SDA1.o
LOAD ./Generated_Code/TI1.o
LOAD ./Generated_Code/TSK1.o
LOAD ./Generated_Code/TU1.o
LOAD ./Generated_Code/TimerIntLdd1.o
LOAD ./Generated_Code/UTIL1.o
LOAD ./Generated_Code/Vectors.o
LOAD ./Generated_Code/WAIT1.o
LOAD ./Generated_Code/croutine.o
LOAD ./Generated_Code/event_groups.o
LOAD ./Generated_Code/heap_1.o
LOAD ./Generated_Code/heap_2.o
LOAD ./Generated_Code/heap_3.o
LOAD ./Generated_Code/heap_4.o
LOAD ./Generated_Code/heap_5.o
LOAD ./Generated_Code/list.o
LOAD ./Generated_Code/mpu_wrappers.o
LOAD ./Generated_Code/port.o
LOAD ./Generated_Code/queue.o
LOAD ./Generated_Code/tasks.o
LOAD ./Generated_Code/timers.o
LOAD c:/freescale/kds_v3/toolchain/bin/../lib/gcc/arm-none-eabi/4.8.4/../../../../arm-none-eabi/lib/armv6-m\libstdc++_s.a
LOAD c:/freescale/kds_v3/toolchain/bin/../lib/gcc/arm-none-eabi/4.8.4/../../../../arm-none-eabi/lib/armv6-m\libm.a
START GROUP
LOAD c:/freescale/kds_v3/toolchain/bin/../lib/gcc/arm-none-eabi/4.8.4/armv6-m\libgcc.a
LOAD c:/freescale/kds_v3/toolchain/bin/../lib/gcc/arm-none-eabi/4.8.4/../../../../arm-none-eabi/lib/armv6-m\libg_s.a
LOAD c:/freescale/kds_v3/toolchain/bin/../lib/gcc/arm-none-eabi/4.8.4/../../../../arm-none-eabi/lib/armv6-m\libc_s.a
END GROUP
START GROUP
LOAD c:/freescale/kds_v3/toolchain/bin/../lib/gcc/arm-none-eabi/4.8.4/armv6-m\libgcc.a
LOAD c:/freescale/kds_v3/toolchain/bin/../lib/gcc/arm-none-eabi/4.8.4/../../../../arm-none-eabi/lib/armv6-m\libc_s.a
LOAD c:/freescale/kds_v3/toolchain/bin/../lib/gcc/arm-none-eabi/4.8.4/../../../../arm-none-eabi/lib/armv6-m\libnosys.a
END GROUP
START GROUP
LOAD c:/freescale/kds_v3/toolchain/bin/../lib/gcc/arm-none-eabi/4.8.4/armv6-m\libgcc.a
LOAD c:/freescale/kds_v3/toolchain/bin/../lib/gcc/arm-none-eabi/4.8.4/../../../../arm-none-eabi/lib/armv6-m\libc_s.a
LOAD c:/freescale/kds_v3/toolchain/bin/../lib/gcc/arm-none-eabi/4.8.4/../../../../arm-none-eabi/lib/armv6-m\libnosys.a
END GROUP
LOAD c:/freescale/kds_v3/toolchain/bin/../lib/gcc/arm-none-eabi/4.8.4/armv6-m/crtend.o
LOAD c:/freescale/kds_v3/toolchain/bin/../lib/gcc/arm-none-eabi/4.8.4/armv6-m/crtn.o
                0x20003000                _estack = 0x20003000
                0x20003000                __SP_INIT = _estack
                0x20003000                __stack = _estack
                0x00000000                __heap_size = 0x0
                0x00000400                __stack_size = 0x400

.interrupts     0x00000000       0xc0
                0x00000000                __vector_table = .
                0x00000000                . = ALIGN (0x4)
 *(.vectortable)
 .vectortable   0x00000000       0xc0 ./Generated_Code/Vectors.o
                0x00000000                __vect_table
                0x000000c0                . = ALIGN (0x4)

.cfmprotect     0x00000400       0x10
                0x00000400                . = ALIGN (0x4)
 *(.cfmconfig)
 .cfmconfig     0x00000400       0x10 ./Generated_Code/Cpu.o
                0x00000400                _cfm
                0x00000410                . = ALIGN (0x4)

.text           0x00000410     0x67ec
                0x00000410                . = ALIGN (0x4)
 *(.text)
 .text          0x00000410       0x60 c:/freescale/kds_v3/toolchain/bin/../lib/gcc/arm-none-eabi/4.8.4/armv6-m/crtbegin.o
 .text          0x00000470       0x78 c:/freescale/kds_v3/toolchain/bin/../lib/gcc/arm-none-eabi/4.8.4/../../../../arm-none-eabi/lib/armv6-m/crt0.o
                0x00000470                _start
                0x00000470                _mainCRTStartup
 .text          0x000004e8       0x9c c:/freescale/kds_v3/toolchain/bin/../lib/gcc/arm-none-eabi/4.8.4/armv6-m\libgcc.a(_udivsi3.o)
                0x000004e8                __aeabi_uidiv
                0x000004e8                __udivsi3
                0x00000570                __aeabi_uidivmod
 .text          0x00000584        0x4 c:/freescale/kds_v3/toolchain/bin/../lib/gcc/arm-none-eabi/4.8.4/armv6-m\libgcc.a(_dvmd_tls.o)
                0x00000584                __aeabi_idiv0
                0x00000584                __aeabi_ldiv0
 .text          0x00000588       0x14 c:/freescale/kds_v3/toolchain/bin/../lib/gcc/arm-none-eabi/4.8.4/../../../../arm-none-eabi/lib/armv6-m\libg_s.a(lib_a-strcmp.o)
                0x00000588                strcmp
 *(.text*)
 .text.Cpu_OnNMIINT
                0x0000059c        0x8 ./Sources/Events.o
                0x0000059c                Cpu_OnNMIINT
 .text.FRTOS1_vApplicationStackOverflowHook
                0x000005a4       0x10 ./Sources/Events.o
                0x000005a4                FRTOS1_vApplicationStackOverflowHook
 .text.FRTOS1_vApplicationTickHook
                0x000005b4        0x8 ./Sources/Events.o
                0x000005b4                FRTOS1_vApplicationTickHook
 .text.FRTOS1_vApplicationIdleHook
                0x000005bc        0x8 ./Sources/Events.o
                0x000005bc                FRTOS1_vApplicationIdleHook
 .text.FRTOS1_vApplicationMallocFailedHook
                0x000005c4        0x8 ./Sources/Events.o
                0x000005c4                FRTOS1_vApplicationMallocFailedHook
 .text.AS1_OnError
                0x000005cc        0x8 ./Sources/Events.o
                0x000005cc                AS1_OnError
 .text.AS1_OnRxChar
                0x000005d4       0x38 ./Sources/Events.o
                0x000005d4                AS1_OnRxChar
 .text.AS1_OnTxChar
                0x0000060c       0x5c ./Sources/Events.o
                0x0000060c                AS1_OnTxChar
 .text.AD1_OnEnd
                0x00000668       0x14 ./Sources/Events.o
                0x00000668                AD1_OnEnd
 .text.AD1_OnCalibrationEnd
                0x0000067c        0x8 ./Sources/Events.o
                0x0000067c                AD1_OnCalibrationEnd
 .text.TI1_OnInterrupt
                0x00000684        0x8 ./Sources/Events.o
                0x00000684                TI1_OnInterrupt
 .text.putData  0x0000068c       0xc4 ./Sources/RingBuffer.o
                0x0000068c                putData
 .text.getData  0x00000750       0xc0 ./Sources/RingBuffer.o
                0x00000750                getData
 .text.getCount
                0x00000810       0x30 ./Sources/RingBuffer.o
                0x00000810                getCount
 .text.isFull   0x00000840       0x24 ./Sources/RingBuffer.o
                0x00000840                isFull
 .text.hasData  0x00000864       0x20 ./Sources/RingBuffer.o
                0x00000864                hasData
 .text.initBuffer
                0x00000884       0x60 ./Sources/RingBuffer.o
                0x00000884                initBuffer
 .text.initCallBacks
                0x000008e4       0x50 ./Sources/application.o
                0x000008e4                initCallBacks
 .text.onLED    0x00000934       0x88 ./Sources/application.o
                0x00000934                onLED
 .text.onAnalog
                0x000009bc       0x50 ./Sources/application.o
                0x000009bc                onAnalog
 .text.onAcel   0x00000a0c       0x48 ./Sources/application.o
                0x00000a0c                onAcel
 .text.onTouch  0x00000a54       0x14 ./Sources/application.o
                0x00000a54                onTouch
 .text.onPWM    0x00000a68       0x14 ./Sources/application.o
                0x00000a68                onPWM
 .text.read_Channels_AD
                0x00000a7c       0x38 ./Sources/application.o
                0x00000a7c                read_Channels_AD
 .text.read_accel
                0x00000ab4       0x14 ./Sources/application.o
                0x00000ab4                read_accel
 .text.initAccel
                0x00000ac8       0x10 ./Sources/application.o
                0x00000ac8                initAccel
 .text.mains_taskTask
                0x00000ad8       0x10 ./Sources/frtos_tasks.o
 .text.communication_taskTask
                0x00000ae8       0x18 ./Sources/frtos_tasks.o
 .text.data_taskTask
                0x00000b00       0x1c ./Sources/frtos_tasks.o
 .text.CreateTasks
                0x00000b1c       0x84 ./Sources/frtos_tasks.o
                0x00000b1c                CreateTasks
 .text.main     0x00000ba0       0x10 ./Sources/main.o
                0x00000ba0                main
 .text.processProtocol
                0x00000bb0       0x70 ./Sources/protocol.o
                0x00000bb0                processProtocol
 .text.rxStartCMD
                0x00000c20       0x30 ./Sources/protocol.o
                0x00000c20                rxStartCMD
 .text.rxPayLoad
                0x00000c50       0x7c ./Sources/protocol.o
                0x00000c50                rxPayLoad
 .text.rxNL     0x00000ccc       0x34 ./Sources/protocol.o
                0x00000ccc                rxNL
 .text.rxCR     0x00000d00       0x34 ./Sources/protocol.o
                0x00000d00                rxCR
 .text.decoderCMD
                0x00000d34       0x24 ./Sources/protocol.o
                0x00000d34                decoderCMD
 .text.formatCMD
                0x00000d58       0xc4 ./Sources/protocol.o
                0x00000d58                formatCMD
 .text.decoderFrame2
                0x00000e1c      0x108 ./Sources/protocol.o
                0x00000e1c                decoderFrame2
 .text.setEventCMD
                0x00000f24       0x78 ./Sources/protocol.o
                0x00000f24                setEventCMD
 .text.getCallBack
                0x00000f9c       0x78 ./Sources/protocol.o
                0x00000f9c                getCallBack
 .text.execCallBack
                0x00001014       0x4c ./Sources/protocol.o
                0x00001014                execCallBack
 .text.initRxCMD
                0x00001060       0x2c ./Sources/protocol.o
                0x00001060                initRxCMD
 .text.sendACK  0x0000108c       0x44 ./Sources/protocol.o
                0x0000108c                sendACK
 .text.sendNAK  0x000010d0       0x48 ./Sources/protocol.o
                0x000010d0                sendNAK
 .text.sendResult
                0x00001118       0x1c ./Sources/protocol.o
                0x00001118                sendResult
 .text.sendString
                0x00001134       0x40 ./Sources/protocol.o
                0x00001134                sendString
 .text.setStatusRx
                0x00001174       0x20 ./Sources/protocol.o
                0x00001174                setStatusRx
 .text.putTxData
                0x00001194       0x2c ./Sources/protocol.o
                0x00001194                putTxData
 .text.putRxData
                0x000011c0       0x2c ./Sources/protocol.o
                0x000011c0                putRxData
 .text.getTxData
                0x000011ec       0x24 ./Sources/protocol.o
                0x000011ec                getTxData
 .text.getRxData
                0x00001210       0x24 ./Sources/protocol.o
                0x00001210                getRxData
 .text.errorRx  0x00001234       0x10 ./Sources/protocol.o
                0x00001234                errorRx
 .text.clearRxFrame
                0x00001244       0x5c ./Sources/protocol.o
                0x00001244                clearRxFrame
 .text.hasTxData
                0x000012a0       0x18 ./Sources/protocol.o
                0x000012a0                hasTxData
 .text.startTX  0x000012b8       0x20 ./Sources/protocol.o
                0x000012b8                startTX
 .text.str_split
                0x000012d8      0x164 ./Sources/utils.o
                0x000012d8                str_split
 .text.str_append
                0x0000143c       0x9c ./Sources/utils.o
                0x0000143c                str_append
 .text.__copy_rom_section
                0x000014d8       0xd8 ./Project_Settings/Startup_Code/startup.o
                0x000014d8                __copy_rom_section
 .text.__copy_rom_sections_to_ram
                0x000015b0       0x98 ./Project_Settings/Startup_Code/startup.o
                0x000015b0                __copy_rom_sections_to_ram
 .text.__init_registers
                0x00001648        0x8 ./Project_Settings/Startup_Code/startup.o
                0x00001648                __init_registers
 .text.__init_user
                0x00001650        0x8 ./Project_Settings/Startup_Code/startup.o
                0x00001650                __init_user
 .text.__thumb_startup
                0x00001658       0x30 ./Project_Settings/Startup_Code/startup.o
                0x00001658                __thumb_startup
 .text.ClrSumV  0x00001688       0x24 ./Generated_Code/AD1.o
 .text.AD1_HWEnDi
                0x000016ac       0x58 ./Generated_Code/AD1.o
                0x000016ac                AD1_HWEnDi
 .text.AD1_Measure
                0x00001704       0x48 ./Generated_Code/AD1.o
                0x00001704                AD1_Measure
 .text.AD1_GetValue16
                0x0000174c       0x58 ./Generated_Code/AD1.o
                0x0000174c                AD1_GetValue16
 .text.AdcLdd1_OnMeasurementComplete
                0x000017a4       0xb4 ./Generated_Code/AD1.o
                0x000017a4                AdcLdd1_OnMeasurementComplete
 .text.AD1_Init
                0x00001858       0x2c ./Generated_Code/AD1.o
                0x00001858                AD1_Init
 .text.HWEnDi   0x00001884       0x20 ./Generated_Code/AS1.o
 .text.AS1_RecvChar
                0x000018a4       0xbc ./Generated_Code/AS1.o
                0x000018a4                AS1_RecvChar
 .text.AS1_SendChar
                0x00001960       0xa8 ./Generated_Code/AS1.o
                0x00001960                AS1_SendChar
 .text.AS1_GetCharsInTxBuf
                0x00001a08       0x20 ./Generated_Code/AS1.o
                0x00001a08                AS1_GetCharsInTxBuf
 .text.AS1_Init
                0x00001a28       0x28 ./Generated_Code/AS1.o
                0x00001a28                AS1_Init
 .text.ASerialLdd1_OnBlockReceived
                0x00001a50       0x6c ./Generated_Code/AS1.o
                0x00001a50                ASerialLdd1_OnBlockReceived
 .text.ASerialLdd1_OnBlockSent
                0x00001abc       0x54 ./Generated_Code/AS1.o
                0x00001abc                ASerialLdd1_OnBlockSent
 .text.ASerialLdd1_OnError
                0x00001b10       0x94 ./Generated_Code/AS1.o
                0x00001b10                ASerialLdd1_OnError
 .text.ASerialLdd1_OnBreak
                0x00001ba4       0x20 ./Generated_Code/AS1.o
                0x00001ba4                ASerialLdd1_OnBreak
 .text.ASerialLdd1_Init
                0x00001bc4      0x1bc ./Generated_Code/ASerialLdd1.o
                0x00001bc4                ASerialLdd1_Init
 .text.ASerialLdd1_ReceiveBlock
                0x00001d80       0x98 ./Generated_Code/ASerialLdd1.o
                0x00001d80                ASerialLdd1_ReceiveBlock
 .text.ASerialLdd1_SendBlock
                0x00001e18       0xc4 ./Generated_Code/ASerialLdd1.o
                0x00001e18                ASerialLdd1_SendBlock
 .text.InterruptRx
                0x00001edc       0x58 ./Generated_Code/ASerialLdd1.o
 .text.InterruptTx
                0x00001f34       0x80 ./Generated_Code/ASerialLdd1.o
 .text.ASerialLdd1_Interrupt
                0x00001fb4       0xec ./Generated_Code/ASerialLdd1.o
                0x00001fb4                ASerialLdd1_Interrupt
 .text.ASerialLdd1_GetError
                0x000020a0       0x74 ./Generated_Code/ASerialLdd1.o
                0x000020a0                ASerialLdd1_GetError
 .text.AdcLdd1_Init
                0x00002114       0xe8 ./Generated_Code/AdcLdd1.o
                0x00002114                AdcLdd1_Init
 .text.AdcLdd1_StartSingleMeasurement
                0x000021fc       0x44 ./Generated_Code/AdcLdd1.o
                0x000021fc                AdcLdd1_StartSingleMeasurement
 .text.AdcLdd1_CreateSampleGroup
                0x00002240       0x6c ./Generated_Code/AdcLdd1.o
                0x00002240                AdcLdd1_CreateSampleGroup
 .text.AdcLdd1_GetMeasuredValues
                0x000022ac       0x60 ./Generated_Code/AdcLdd1.o
                0x000022ac                AdcLdd1_GetMeasuredValues
 .text.AdcLdd1_GetCalibrationResultStatus
                0x0000230c       0xb8 ./Generated_Code/AdcLdd1.o
                0x0000230c                AdcLdd1_GetCalibrationResultStatus
 .text.AdcLdd1_MeasurementCompleteInterrupt
                0x000023c4       0x30 ./Generated_Code/AdcLdd1.o
                0x000023c4                AdcLdd1_MeasurementCompleteInterrupt
 .text.BitIoLdd1_Init
                0x000023f4       0x68 ./Generated_Code/BitIoLdd1.o
                0x000023f4                BitIoLdd1_Init
 .text.BitIoLdd1_ClrVal
                0x0000245c       0x1c ./Generated_Code/BitIoLdd1.o
                0x0000245c                BitIoLdd1_ClrVal
 .text.BitIoLdd1_SetVal
                0x00002478       0x1c ./Generated_Code/BitIoLdd1.o
                0x00002478                BitIoLdd1_SetVal
 .text.BitIoLdd2_Init
                0x00002494       0x68 ./Generated_Code/BitIoLdd2.o
                0x00002494                BitIoLdd2_Init
 .text.BitIoLdd2_ClrVal
                0x000024fc       0x1c ./Generated_Code/BitIoLdd2.o
                0x000024fc                BitIoLdd2_ClrVal
 .text.BitIoLdd2_SetVal
                0x00002518       0x1c ./Generated_Code/BitIoLdd2.o
                0x00002518                BitIoLdd2_SetVal
 .text.BitIoLdd3_Init
                0x00002534       0x60 ./Generated_Code/BitIoLdd3.o
                0x00002534                BitIoLdd3_Init
 .text.BitIoLdd3_ClrVal
                0x00002594       0x18 ./Generated_Code/BitIoLdd3.o
                0x00002594                BitIoLdd3_ClrVal
 .text.BitIoLdd3_SetVal
                0x000025ac       0x18 ./Generated_Code/BitIoLdd3.o
                0x000025ac                BitIoLdd3_SetVal
 .text.BitIoLdd4_Init
                0x000025c4       0x60 ./Generated_Code/BitIoLdd4.o
                0x000025c4                BitIoLdd4_Init
 .text.BitIoLdd4_SetDir
                0x00002624       0x3c ./Generated_Code/BitIoLdd4.o
                0x00002624                BitIoLdd4_SetDir
 .text.BitIoLdd4_GetVal
                0x00002660       0x3c ./Generated_Code/BitIoLdd4.o
                0x00002660                BitIoLdd4_GetVal
 .text.BitIoLdd4_ClrVal
                0x0000269c       0x18 ./Generated_Code/BitIoLdd4.o
                0x0000269c                BitIoLdd4_ClrVal
 .text.BitIoLdd5_Init
                0x000026b4       0x60 ./Generated_Code/BitIoLdd5.o
                0x000026b4                BitIoLdd5_Init
 .text.BitIoLdd5_SetDir
                0x00002714       0x3c ./Generated_Code/BitIoLdd5.o
                0x00002714                BitIoLdd5_SetDir
 .text.BitIoLdd5_GetVal
                0x00002750       0x3c ./Generated_Code/BitIoLdd5.o
                0x00002750                BitIoLdd5_GetVal
 .text.BitIoLdd5_ClrVal
                0x0000278c       0x18 ./Generated_Code/BitIoLdd5.o
                0x0000278c                BitIoLdd5_ClrVal
 .text.Cpu_INT_NMIInterrupt
                0x000027a4        0xc ./Generated_Code/Cpu.o
                0x000027a4                Cpu_INT_NMIInterrupt
 .text.Cpu_Interrupt
                0x000027b0        0xc ./Generated_Code/Cpu.o
                0x000027b0                Cpu_Interrupt
 .text.__init_hardware
                0x000027bc      0x110 ./Generated_Code/Cpu.o
                0x000027bc                __init_hardware
 .text.PE_low_level_init
                0x000028cc      0x140 ./Generated_Code/Cpu.o
                0x000028cc                PE_low_level_init
 .text.FRTOS1_Init
                0x00002a0c       0x10 ./Generated_Code/FRTOS1.o
                0x00002a0c                FRTOS1_Init
 .text.GI2C1_RequestBus
                0x00002a1c       0x1c ./Generated_Code/GI2C1.o
                0x00002a1c                GI2C1_RequestBus
 .text.GI2C1_ReleaseBus
                0x00002a38       0x18 ./Generated_Code/GI2C1.o
                0x00002a38                GI2C1_ReleaseBus
 .text.GI2C1_SelectSlave
                0x00002a50       0x34 ./Generated_Code/GI2C1.o
                0x00002a50                GI2C1_SelectSlave
 .text.GI2C1_UnselectSlave
                0x00002a84       0x10 ./Generated_Code/GI2C1.o
                0x00002a84                GI2C1_UnselectSlave
 .text.GI2C1_ReadAddress
                0x00002a94       0xd0 ./Generated_Code/GI2C1.o
                0x00002a94                GI2C1_ReadAddress
 .text.GI2C1_WriteAddress
                0x00002b64      0x144 ./Generated_Code/GI2C1.o
                0x00002b64                GI2C1_WriteAddress
 .text.GI2C1_Init
                0x00002ca8       0x34 ./Generated_Code/GI2C1.o
                0x00002ca8                GI2C1_Init
 .text.GI2C1_ReadByteAddress8
                0x00002cdc       0x34 ./Generated_Code/GI2C1.o
                0x00002cdc                GI2C1_ReadByteAddress8
 .text.GI2C1_WriteByteAddress8
                0x00002d10       0x34 ./Generated_Code/GI2C1.o
                0x00002d10                GI2C1_WriteByteAddress8
 .text.Delay    0x00002d44       0x18 ./Generated_Code/I2C1.o
 .text.Write    0x00002d5c       0xf0 ./Generated_Code/I2C1.o
 .text.Read     0x00002e4c       0xc8 ./Generated_Code/I2C1.o
 .text.GetAck   0x00002f14       0x70 ./Generated_Code/I2C1.o
 .text.I2C1_SendAck
                0x00002f84       0xc0 ./Generated_Code/I2C1.o
                0x00002f84                I2C1_SendAck
 .text.InternalStop
                0x00003044       0x48 ./Generated_Code/I2C1.o
 .text.I2C1_SendBlock
                0x0000308c      0x1e8 ./Generated_Code/I2C1.o
                0x0000308c                I2C1_SendBlock
 .text.I2C1_RecvBlockCustom
                0x00003274      0x1e0 ./Generated_Code/I2C1.o
                0x00003274                I2C1_RecvBlockCustom
 .text.I2C1_RecvBlock
                0x00003454       0x38 ./Generated_Code/I2C1.o
                0x00003454                I2C1_RecvBlock
 .text.I2C1_SendStop
                0x0000348c       0x50 ./Generated_Code/I2C1.o
                0x0000348c                I2C1_SendStop
 .text.I2C1_SelectSlave
                0x000034dc       0x28 ./Generated_Code/I2C1.o
                0x000034dc                I2C1_SelectSlave
 .text.I2C1_Init
                0x00003504       0x14 ./Generated_Code/I2C1.o
                0x00003504                I2C1_Init
 .text.LED_B_Init
                0x00003518       0x18 ./Generated_Code/LED_B.o
                0x00003518                LED_B_Init
 .text.LED_G_Init
                0x00003530       0x18 ./Generated_Code/LED_G.o
                0x00003530                LED_G_Init
 .text.LED_R_Init
                0x00003548       0x18 ./Generated_Code/LED_R.o
                0x00003548                LED_R_Init
 .text.MMA1_GetRaw8XYZ
                0x00003560       0x28 ./Generated_Code/MMA1.o
                0x00003560                MMA1_GetRaw8XYZ
 .text.MMA1_Init
                0x00003588       0x2c ./Generated_Code/MMA1.o
                0x00003588                MMA1_Init
 .text.MMA1_Enable
                0x000035b4       0x64 ./Generated_Code/MMA1.o
                0x000035b4                MMA1_Enable
 .text.TimerIntLdd1_OnInterrupt
                0x00003618       0x14 ./Generated_Code/TI1.o
                0x00003618                TimerIntLdd1_OnInterrupt
 .text.TSK1_CreateTasks
                0x0000362c        0xc ./Generated_Code/TSK1.o
                0x0000362c                TSK1_CreateTasks
 .text.TU1_Init
                0x00003638       0xf0 ./Generated_Code/TU1.o
                0x00003638                TU1_Init
 .text.TU1_Interrupt
                0x00003728       0x5c ./Generated_Code/TU1.o
                0x00003728                TU1_Interrupt
 .text.TimerIntLdd1_Init
                0x00003784       0x50 ./Generated_Code/TimerIntLdd1.o
                0x00003784                TimerIntLdd1_Init
 .text.TU1_OnCounterRestart
                0x000037d4       0x24 ./Generated_Code/TimerIntLdd1.o
                0x000037d4                TU1_OnCounterRestart
 .text.WAIT1_Wait10Cycles
                0x000037f8        0x8 ./Generated_Code/WAIT1.o
                0x000037f8                WAIT1_Wait10Cycles
 .text.WAIT1_Wait100Cycles
                0x00003800       0x24 ./Generated_Code/WAIT1.o
                0x00003800                WAIT1_Wait100Cycles
 .text.WAIT1_WaitCycles
                0x00003824       0x44 ./Generated_Code/WAIT1.o
                0x00003824                WAIT1_WaitCycles
 .text.WAIT1_WaitLongCycles
                0x00003868       0x3c ./Generated_Code/WAIT1.o
                0x00003868                WAIT1_WaitLongCycles
 .text.WAIT1_Waitms
                0x000038a4       0x38 ./Generated_Code/WAIT1.o
                0x000038a4                WAIT1_Waitms
 .text.WAIT1_Init
                0x000038dc        0x8 ./Generated_Code/WAIT1.o
                0x000038dc                WAIT1_Init
 .text.pvPortMalloc
                0x000038e4      0x160 ./Generated_Code/heap_4.o
                0x000038e4                pvPortMalloc
 .text.vPortFree
                0x00003a44       0x94 ./Generated_Code/heap_4.o
                0x00003a44                vPortFree
 .text.prvHeapInit
                0x00003ad8       0xc4 ./Generated_Code/heap_4.o
 .text.prvInsertBlockIntoFreeList
                0x00003b9c       0xac ./Generated_Code/heap_4.o
 .text.vListInitialise
                0x00003c48       0x3c ./Generated_Code/list.o
                0x00003c48                vListInitialise
 .text.vListInitialiseItem
                0x00003c84       0x14 ./Generated_Code/list.o
                0x00003c84                vListInitialiseItem
 .text.vListInsertEnd
                0x00003c98       0x44 ./Generated_Code/list.o
                0x00003c98                vListInsertEnd
 .text.vListInsert
                0x00003cdc       0x6c ./Generated_Code/list.o
                0x00003cdc                vListInsert
 .text.uxListRemove
                0x00003d48       0x50 ./Generated_Code/list.o
                0x00003d48                uxListRemove
 .text.pxPortInitialiseStack
                0x00003d98       0x50 ./Generated_Code/port.o
                0x00003d98                pxPortInitialiseStack
 .text.vPortInitTickTimer
                0x00003de8       0x44 ./Generated_Code/port.o
                0x00003de8                vPortInitTickTimer
 .text.vPortStartTickTimer
                0x00003e2c       0x14 ./Generated_Code/port.o
                0x00003e2c                vPortStartTickTimer
 .text.vPortStopTickTimer
                0x00003e40       0x14 ./Generated_Code/port.o
                0x00003e40                vPortStopTickTimer
 .text.xPortStartScheduler
                0x00003e54       0x34 ./Generated_Code/port.o
                0x00003e54                xPortStartScheduler
 .text.vPortEnterCritical
                0x00003e88       0x20 ./Generated_Code/port.o
                0x00003e88                vPortEnterCritical
 .text.vPortExitCritical
                0x00003ea8       0x20 ./Generated_Code/port.o
                0x00003ea8                vPortExitCritical
 .text.vPortYieldFromISR
                0x00003ec8       0x1c ./Generated_Code/port.o
                0x00003ec8                vPortYieldFromISR
 .text.vPortTickHandler
                0x00003ee4       0x1c ./Generated_Code/port.o
                0x00003ee4                vPortTickHandler
 .text.vPortStartFirstTask
                0x00003f00       0x40 ./Generated_Code/port.o
                0x00003f00                vPortStartFirstTask
 .text.vPortSVCHandler
                0x00003f40        0x0 ./Generated_Code/port.o
                0x00003f40                vPortSVCHandler
 .text.vPortPendSVHandler
                0x00003f40       0x44 ./Generated_Code/port.o
                0x00003f40                vPortPendSVHandler
 .text.xQueueGenericReset
                0x00003f84       0xac ./Generated_Code/queue.o
                0x00003f84                xQueueGenericReset
 .text.xQueueGenericCreate
                0x00004030       0x64 ./Generated_Code/queue.o
                0x00004030                xQueueGenericCreate
 .text.prvInitialiseNewQueue
                0x00004094       0x44 ./Generated_Code/queue.o
 .text.prvInitialiseMutex
                0x000040d8       0x34 ./Generated_Code/queue.o
 .text.xQueueCreateMutex
                0x0000410c       0x3c ./Generated_Code/queue.o
                0x0000410c                xQueueCreateMutex
 .text.xQueueGiveMutexRecursive
                0x00004148       0x58 ./Generated_Code/queue.o
                0x00004148                xQueueGiveMutexRecursive
 .text.xQueueTakeMutexRecursive
                0x000041a0       0x64 ./Generated_Code/queue.o
                0x000041a0                xQueueTakeMutexRecursive
 .text.xQueueGenericSend
                0x00004204      0x1a0 ./Generated_Code/queue.o
                0x00004204                xQueueGenericSend
 .text.xQueueGenericReceive
                0x000043a4      0x1dc ./Generated_Code/queue.o
                0x000043a4                xQueueGenericReceive
 .text.prvCopyDataToQueue
                0x00004580       0xe0 ./Generated_Code/queue.o
 .text.prvCopyDataFromQueue
                0x00004660       0x50 ./Generated_Code/queue.o
 .text.prvUnlockQueue
                0x000046b0       0xc0 ./Generated_Code/queue.o
 .text.prvIsQueueEmpty
                0x00004770       0x2c ./Generated_Code/queue.o
 .text.prvIsQueueFull
                0x0000479c       0x30 ./Generated_Code/queue.o
 .text.vQueueAddToRegistry
                0x000047cc       0x4c ./Generated_Code/queue.o
                0x000047cc                vQueueAddToRegistry
 .text.xTaskCreate
                0x00004818       0x90 ./Generated_Code/tasks.o
                0x00004818                xTaskCreate
 .text.prvInitialiseNewTask
                0x000048a8      0x108 ./Generated_Code/tasks.o
 .text.prvAddNewTaskToReadyList
                0x000049b0       0xc4 ./Generated_Code/tasks.o
 .text.vTaskDelay
                0x00004a74       0x48 ./Generated_Code/tasks.o
                0x00004a74                vTaskDelay
 .text.vTaskStartScheduler
                0x00004abc       0x6c ./Generated_Code/tasks.o
                0x00004abc                vTaskStartScheduler
 .text.vTaskSuspendAll
                0x00004b28       0x18 ./Generated_Code/tasks.o
                0x00004b28                vTaskSuspendAll
 .text.xTaskResumeAll
                0x00004b40      0x118 ./Generated_Code/tasks.o
                0x00004b40                xTaskResumeAll
 .text.xTaskIncrementTick
                0x00004c58      0x178 ./Generated_Code/tasks.o
                0x00004c58                xTaskIncrementTick
 .text.vTaskSwitchContext
                0x00004dd0       0xc4 ./Generated_Code/tasks.o
                0x00004dd0                vTaskSwitchContext
 .text.vTaskPlaceOnEventList
                0x00004e94       0x38 ./Generated_Code/tasks.o
                0x00004e94                vTaskPlaceOnEventList
 .text.xTaskRemoveFromEventList
                0x00004ecc       0xb8 ./Generated_Code/tasks.o
                0x00004ecc                xTaskRemoveFromEventList
 .text.vTaskSetTimeOutState
                0x00004f84       0x30 ./Generated_Code/tasks.o
                0x00004f84                vTaskSetTimeOutState
 .text.xTaskCheckForTimeOut
                0x00004fb4       0x9c ./Generated_Code/tasks.o
                0x00004fb4                xTaskCheckForTimeOut
 .text.vTaskMissedYield
                0x00005050       0x14 ./Generated_Code/tasks.o
                0x00005050                vTaskMissedYield
 .text.prvIdleTask
                0x00005064       0x24 ./Generated_Code/tasks.o
 .text.prvInitialiseTaskLists
                0x00005088       0x7c ./Generated_Code/tasks.o
 .text.prvCheckTasksWaitingTermination
                0x00005104        0x8 ./Generated_Code/tasks.o
 .text.prvResetNextTaskUnblockTime
                0x0000510c       0x44 ./Generated_Code/tasks.o
 .text.xTaskGetCurrentTaskHandle
                0x00005150       0x1c ./Generated_Code/tasks.o
                0x00005150                xTaskGetCurrentTaskHandle
 .text.xTaskGetSchedulerState
                0x0000516c       0x38 ./Generated_Code/tasks.o
                0x0000516c                xTaskGetSchedulerState
 .text.vTaskPriorityInherit
                0x000051a4       0xbc ./Generated_Code/tasks.o
                0x000051a4                vTaskPriorityInherit
 .text.xTaskPriorityDisinherit
                0x00005260       0xb8 ./Generated_Code/tasks.o
                0x00005260                xTaskPriorityDisinherit
 .text.pvTaskIncrementMutexHeldCount
                0x00005318       0x24 ./Generated_Code/tasks.o
                0x00005318                pvTaskIncrementMutexHeldCount
 .text.prvAddCurrentTaskToDelayedList
                0x0000533c       0xa8 ./Generated_Code/tasks.o
 .text.__assert_func
                0x000053e4       0x3c c:/freescale/kds_v3/toolchain/bin/../lib/gcc/arm-none-eabi/4.8.4/../../../../arm-none-eabi/lib/armv6-m\libg_s.a(lib_a-assert.o)
                0x000053e4                __assert_func
 .text.atoi     0x00005420        0xc c:/freescale/kds_v3/toolchain/bin/../lib/gcc/arm-none-eabi/4.8.4/../../../../arm-none-eabi/lib/armv6-m\libg_s.a(lib_a-atoi.o)
                0x00005420                atoi
 .text.exit     0x0000542c       0x2c c:/freescale/kds_v3/toolchain/bin/../lib/gcc/arm-none-eabi/4.8.4/../../../../arm-none-eabi/lib/armv6-m\libg_s.a(lib_a-exit.o)
                0x0000542c                exit
 .text.fprintf  0x00005458       0x24 c:/freescale/kds_v3/toolchain/bin/../lib/gcc/arm-none-eabi/4.8.4/../../../../arm-none-eabi/lib/armv6-m\libg_s.a(lib_a-fprintf.o)
                0x00005458                fiprintf
                0x00005458                fprintf
 .text.__libc_init_array
                0x0000547c       0x4c c:/freescale/kds_v3/toolchain/bin/../lib/gcc/arm-none-eabi/4.8.4/../../../../arm-none-eabi/lib/armv6-m\libg_s.a(lib_a-init.o)
                0x0000547c                __libc_init_array
 .text.memcpy   0x000054c8       0x12 c:/freescale/kds_v3/toolchain/bin/../lib/gcc/arm-none-eabi/4.8.4/../../../../arm-none-eabi/lib/armv6-m\libg_s.a(lib_a-memcpy-stub.o)
                0x000054c8                memcpy
 .text.memset   0x000054da       0x10 c:/freescale/kds_v3/toolchain/bin/../lib/gcc/arm-none-eabi/4.8.4/../../../../arm-none-eabi/lib/armv6-m\libg_s.a(lib_a-memset.o)
                0x000054da                memset
 *fill*         0x000054ea        0x2 
 .text.sprintf  0x000054ec       0x44 c:/freescale/kds_v3/toolchain/bin/../lib/gcc/arm-none-eabi/4.8.4/../../../../arm-none-eabi/lib/armv6-m\libg_s.a(lib_a-sprintf.o)
                0x000054ec                siprintf
                0x000054ec                sprintf
 .text.strcpy   0x00005530       0x10 c:/freescale/kds_v3/toolchain/bin/../lib/gcc/arm-none-eabi/4.8.4/../../../../arm-none-eabi/lib/armv6-m\libg_s.a(lib_a-strcpy.o)
                0x00005530                strcpy
 .text.strlen   0x00005540        0xe c:/freescale/kds_v3/toolchain/bin/../lib/gcc/arm-none-eabi/4.8.4/../../../../arm-none-eabi/lib/armv6-m\libg_s.a(lib_a-strlen.o)
                0x00005540                strlen
 .text.strstr   0x0000554e       0x32 c:/freescale/kds_v3/toolchain/bin/../lib/gcc/arm-none-eabi/4.8.4/../../../../arm-none-eabi/lib/armv6-m\libg_s.a(lib_a-strstr.o)
                0x0000554e                strstr
 .text.__strtok_r
                0x00005580       0x5c c:/freescale/kds_v3/toolchain/bin/../lib/gcc/arm-none-eabi/4.8.4/../../../../arm-none-eabi/lib/armv6-m\libg_s.a(lib_a-strtok_r.o)
                0x00005580                __strtok_r
 .text.strtok_r
                0x000055dc        0xa c:/freescale/kds_v3/toolchain/bin/../lib/gcc/arm-none-eabi/4.8.4/../../../../arm-none-eabi/lib/armv6-m\libg_s.a(lib_a-strtok_r.o)
                0x000055dc                strtok_r
 *fill*         0x000055e6        0x2 
 .text._strtol_r
                0x000055e8      0x114 c:/freescale/kds_v3/toolchain/bin/../lib/gcc/arm-none-eabi/4.8.4/../../../../arm-none-eabi/lib/armv6-m\libg_s.a(lib_a-strtol.o)
                0x000055e8                _strtol_r
 .text.strtol   0x000056fc       0x1c c:/freescale/kds_v3/toolchain/bin/../lib/gcc/arm-none-eabi/4.8.4/../../../../arm-none-eabi/lib/armv6-m\libg_s.a(lib_a-strtol.o)
                0x000056fc                strtol
 .text.__ssputs_r
                0x00005718       0xc0 c:/freescale/kds_v3/toolchain/bin/../lib/gcc/arm-none-eabi/4.8.4/../../../../arm-none-eabi/lib/armv6-m\libg_s.a(lib_a-svfprintf.o)
                0x00005718                __ssputs_r
 .text._svfprintf_r
                0x000057d8      0x1e0 c:/freescale/kds_v3/toolchain/bin/../lib/gcc/arm-none-eabi/4.8.4/../../../../arm-none-eabi/lib/armv6-m\libg_s.a(lib_a-svfprintf.o)
                0x000057d8                _svfiprintf_r
                0x000057d8                _svfprintf_r
 .text.__sfputc_r
                0x000059b8       0x2a c:/freescale/kds_v3/toolchain/bin/../lib/gcc/arm-none-eabi/4.8.4/../../../../arm-none-eabi/lib/armv6-m\libg_s.a(lib_a-vfprintf.o)
 .text.__sfputs_r
                0x000059e2       0x24 c:/freescale/kds_v3/toolchain/bin/../lib/gcc/arm-none-eabi/4.8.4/../../../../arm-none-eabi/lib/armv6-m\libg_s.a(lib_a-vfprintf.o)
                0x000059e2                __sfputs_r
 *fill*         0x00005a06        0x2 
 .text._vfprintf_r
                0x00005a08      0x210 c:/freescale/kds_v3/toolchain/bin/../lib/gcc/arm-none-eabi/4.8.4/../../../../arm-none-eabi/lib/armv6-m\libg_s.a(lib_a-vfprintf.o)
                0x00005a08                _vfprintf_r
                0x00005a08                _vfiprintf_r
 .text._printf_common
                0x00005c18       0xe8 c:/freescale/kds_v3/toolchain/bin/../lib/gcc/arm-none-eabi/4.8.4/../../../../arm-none-eabi/lib/armv6-m\libg_s.a(lib_a-vfprintf_i.o)
                0x00005c18                _printf_common
 .text._printf_i
                0x00005d00      0x22c c:/freescale/kds_v3/toolchain/bin/../lib/gcc/arm-none-eabi/4.8.4/../../../../arm-none-eabi/lib/armv6-m\libg_s.a(lib_a-vfprintf_i.o)
                0x00005d00                _printf_i
 .text.__swbuf_r
                0x00005f2c       0xb0 c:/freescale/kds_v3/toolchain/bin/../lib/gcc/arm-none-eabi/4.8.4/../../../../arm-none-eabi/lib/armv6-m\libg_s.a(lib_a-wbuf.o)
                0x00005f2c                __swbuf_r
 .text.__swsetup_r
                0x00005fdc       0xe4 c:/freescale/kds_v3/toolchain/bin/../lib/gcc/arm-none-eabi/4.8.4/../../../../arm-none-eabi/lib/armv6-m\libg_s.a(lib_a-wsetup.o)
                0x00005fdc                __swsetup_r
 .text.abort    0x000060c0        0xe c:/freescale/kds_v3/toolchain/bin/../lib/gcc/arm-none-eabi/4.8.4/../../../../arm-none-eabi/lib/armv6-m\libg_s.a(lib_a-abort.o)
                0x000060c0                abort
 .text.__sflush_r
                0x000060ce      0x112 c:/freescale/kds_v3/toolchain/bin/../lib/gcc/arm-none-eabi/4.8.4/../../../../arm-none-eabi/lib/armv6-m\libg_s.a(lib_a-fflush.o)
                0x000060ce                __sflush_r
 .text._fflush_r
                0x000061e0       0x58 c:/freescale/kds_v3/toolchain/bin/../lib/gcc/arm-none-eabi/4.8.4/../../../../arm-none-eabi/lib/armv6-m\libg_s.a(lib_a-fflush.o)
                0x000061e0                _fflush_r
 .text._cleanup_r
                0x00006238       0x34 c:/freescale/kds_v3/toolchain/bin/../lib/gcc/arm-none-eabi/4.8.4/../../../../arm-none-eabi/lib/armv6-m\libg_s.a(lib_a-findfp.o)
                0x00006238                _cleanup_r
 .text.std.isra.0
                0x0000626c       0x48 c:/freescale/kds_v3/toolchain/bin/../lib/gcc/arm-none-eabi/4.8.4/../../../../arm-none-eabi/lib/armv6-m\libg_s.a(lib_a-findfp.o)
 .text.__sfmoreglue
                0x000062b4       0x2c c:/freescale/kds_v3/toolchain/bin/../lib/gcc/arm-none-eabi/4.8.4/../../../../arm-none-eabi/lib/armv6-m\libg_s.a(lib_a-findfp.o)
                0x000062b4                __sfmoreglue
 .text.__sinit  0x000062e0       0x64 c:/freescale/kds_v3/toolchain/bin/../lib/gcc/arm-none-eabi/4.8.4/../../../../arm-none-eabi/lib/armv6-m\libg_s.a(lib_a-findfp.o)
                0x000062e0                __sinit
 .text.__sfp    0x00006344       0x7c c:/freescale/kds_v3/toolchain/bin/../lib/gcc/arm-none-eabi/4.8.4/../../../../arm-none-eabi/lib/armv6-m\libg_s.a(lib_a-findfp.o)
                0x00006344                __sfp
 .text.__smakebuf_r
                0x000063c0       0xa0 c:/freescale/kds_v3/toolchain/bin/../lib/gcc/arm-none-eabi/4.8.4/../../../../arm-none-eabi/lib/armv6-m\libg_s.a(lib_a-makebuf.o)
                0x000063c0                __smakebuf_r
 .text.memchr   0x00006460       0x16 c:/freescale/kds_v3/toolchain/bin/../lib/gcc/arm-none-eabi/4.8.4/../../../../arm-none-eabi/lib/armv6-m\libg_s.a(lib_a-memchr-stub.o)
                0x00006460                memchr
 .text.memmove  0x00006476       0x32 c:/freescale/kds_v3/toolchain/bin/../lib/gcc/arm-none-eabi/4.8.4/../../../../arm-none-eabi/lib/armv6-m\libg_s.a(lib_a-memmove.o)
                0x00006476                memmove
 .text._free_r  0x000064a8       0x90 c:/freescale/kds_v3/toolchain/bin/../lib/gcc/arm-none-eabi/4.8.4/../../../../arm-none-eabi/lib/armv6-m\libg_s.a(lib_a-nano-freer.o)
                0x000064a8                _free_r
 .text._malloc_r
                0x00006538       0xa8 c:/freescale/kds_v3/toolchain/bin/../lib/gcc/arm-none-eabi/4.8.4/../../../../arm-none-eabi/lib/armv6-m\libg_s.a(lib_a-nano-mallocr.o)
                0x00006538                _malloc_r
 .text._realloc_r
                0x000065e0       0x4c c:/freescale/kds_v3/toolchain/bin/../lib/gcc/arm-none-eabi/4.8.4/../../../../arm-none-eabi/lib/armv6-m\libg_s.a(lib_a-nano-reallocr.o)
                0x000065e0                _realloc_r
 .text._sbrk_r  0x0000662c       0x24 c:/freescale/kds_v3/toolchain/bin/../lib/gcc/arm-none-eabi/4.8.4/../../../../arm-none-eabi/lib/armv6-m\libg_s.a(lib_a-sbrkr.o)
                0x0000662c                _sbrk_r
 .text._raise_r
                0x00006650       0x56 c:/freescale/kds_v3/toolchain/bin/../lib/gcc/arm-none-eabi/4.8.4/../../../../arm-none-eabi/lib/armv6-m\libg_s.a(lib_a-signal.o)
                0x00006650                _raise_r
 *fill*         0x000066a6        0x2 
 .text.raise    0x000066a8       0x14 c:/freescale/kds_v3/toolchain/bin/../lib/gcc/arm-none-eabi/4.8.4/../../../../arm-none-eabi/lib/armv6-m\libg_s.a(lib_a-signal.o)
                0x000066a8                raise
 .text._kill_r  0x000066bc       0x24 c:/freescale/kds_v3/toolchain/bin/../lib/gcc/arm-none-eabi/4.8.4/../../../../arm-none-eabi/lib/armv6-m\libg_s.a(lib_a-signalr.o)
                0x000066bc                _kill_r
 .text._getpid_r
                0x000066e0        0x8 c:/freescale/kds_v3/toolchain/bin/../lib/gcc/arm-none-eabi/4.8.4/../../../../arm-none-eabi/lib/armv6-m\libg_s.a(lib_a-signalr.o)
                0x000066e0                _getpid_r
 .text.__sread  0x000066e8       0x28 c:/freescale/kds_v3/toolchain/bin/../lib/gcc/arm-none-eabi/4.8.4/../../../../arm-none-eabi/lib/armv6-m\libg_s.a(lib_a-stdio.o)
                0x000066e8                __sread
 .text.__swrite
                0x00006710       0x38 c:/freescale/kds_v3/toolchain/bin/../lib/gcc/arm-none-eabi/4.8.4/../../../../arm-none-eabi/lib/armv6-m\libg_s.a(lib_a-stdio.o)
                0x00006710                __swrite
 .text.__sseek  0x00006748       0x2c c:/freescale/kds_v3/toolchain/bin/../lib/gcc/arm-none-eabi/4.8.4/../../../../arm-none-eabi/lib/armv6-m\libg_s.a(lib_a-stdio.o)
                0x00006748                __sseek
 .text.__sclose
                0x00006774        0xc c:/freescale/kds_v3/toolchain/bin/../lib/gcc/arm-none-eabi/4.8.4/../../../../arm-none-eabi/lib/armv6-m\libg_s.a(lib_a-stdio.o)
                0x00006774                __sclose
 .text._write_r
                0x00006780       0x28 c:/freescale/kds_v3/toolchain/bin/../lib/gcc/arm-none-eabi/4.8.4/../../../../arm-none-eabi/lib/armv6-m\libg_s.a(lib_a-writer.o)
                0x00006780                _write_r
 .text._close_r
                0x000067a8       0x24 c:/freescale/kds_v3/toolchain/bin/../lib/gcc/arm-none-eabi/4.8.4/../../../../arm-none-eabi/lib/armv6-m\libg_s.a(lib_a-closer.o)
                0x000067a8                _close_r
 .text._fstat_r
                0x000067cc       0x24 c:/freescale/kds_v3/toolchain/bin/../lib/gcc/arm-none-eabi/4.8.4/../../../../arm-none-eabi/lib/armv6-m\libg_s.a(lib_a-fstatr.o)
                0x000067cc                _fstat_r
 .text._isatty_r
                0x000067f0       0x24 c:/freescale/kds_v3/toolchain/bin/../lib/gcc/arm-none-eabi/4.8.4/../../../../arm-none-eabi/lib/armv6-m\libg_s.a(lib_a-isattyr.o)
                0x000067f0                _isatty_r
 .text._lseek_r
                0x00006814       0x28 c:/freescale/kds_v3/toolchain/bin/../lib/gcc/arm-none-eabi/4.8.4/../../../../arm-none-eabi/lib/armv6-m\libg_s.a(lib_a-lseekr.o)
                0x00006814                _lseek_r
 .text._malloc_usable_size_r
                0x0000683c       0x12 c:/freescale/kds_v3/toolchain/bin/../lib/gcc/arm-none-eabi/4.8.4/../../../../arm-none-eabi/lib/armv6-m\libg_s.a(lib_a-nano-msizer.o)
                0x0000683c                _malloc_usable_size_r
 *fill*         0x0000684e        0x2 
 .text._read_r  0x00006850       0x28 c:/freescale/kds_v3/toolchain/bin/../lib/gcc/arm-none-eabi/4.8.4/../../../../arm-none-eabi/lib/armv6-m\libg_s.a(lib_a-readr.o)
                0x00006850                _read_r
 .text._close   0x00006878       0x10 c:/freescale/kds_v3/toolchain/bin/../lib/gcc/arm-none-eabi/4.8.4/../../../../arm-none-eabi/lib/armv6-m\libnosys.a(close.o)
                0x00006878                _close
 .text._fstat   0x00006888       0x10 c:/freescale/kds_v3/toolchain/bin/../lib/gcc/arm-none-eabi/4.8.4/../../../../arm-none-eabi/lib/armv6-m\libnosys.a(fstat.o)
                0x00006888                _fstat
 .text._getpid  0x00006898       0x10 c:/freescale/kds_v3/toolchain/bin/../lib/gcc/arm-none-eabi/4.8.4/../../../../arm-none-eabi/lib/armv6-m\libnosys.a(getpid.o)
                0x00006898                _getpid
 .text._isatty  0x000068a8       0x10 c:/freescale/kds_v3/toolchain/bin/../lib/gcc/arm-none-eabi/4.8.4/../../../../arm-none-eabi/lib/armv6-m\libnosys.a(isatty.o)
                0x000068a8                _isatty
 .text._kill    0x000068b8       0x10 c:/freescale/kds_v3/toolchain/bin/../lib/gcc/arm-none-eabi/4.8.4/../../../../arm-none-eabi/lib/armv6-m\libnosys.a(kill.o)
                0x000068b8                _kill
 .text._lseek   0x000068c8       0x10 c:/freescale/kds_v3/toolchain/bin/../lib/gcc/arm-none-eabi/4.8.4/../../../../arm-none-eabi/lib/armv6-m\libnosys.a(lseek.o)
                0x000068c8                _lseek
 .text._read    0x000068d8       0x10 c:/freescale/kds_v3/toolchain/bin/../lib/gcc/arm-none-eabi/4.8.4/../../../../arm-none-eabi/lib/armv6-m\libnosys.a(read.o)
                0x000068d8                _read
 .text._sbrk    0x000068e8       0x34 c:/freescale/kds_v3/toolchain/bin/../lib/gcc/arm-none-eabi/4.8.4/../../../../arm-none-eabi/lib/armv6-m\libnosys.a(sbrk.o)
                0x000068e8                _sbrk
 .text._write   0x0000691c       0x10 c:/freescale/kds_v3/toolchain/bin/../lib/gcc/arm-none-eabi/4.8.4/../../../../arm-none-eabi/lib/armv6-m\libnosys.a(write.o)
                0x0000691c                _write
 .text._exit    0x0000692c        0x4 c:/freescale/kds_v3/toolchain/bin/../lib/gcc/arm-none-eabi/4.8.4/../../../../arm-none-eabi/lib/armv6-m\libnosys.a(_exit.o)
                0x0000692c                _exit
 *(.rodata)
 .rodata        0x00006930       0x1c ./Sources/application.o
 .rodata        0x0000694c       0x2c ./Sources/frtos_tasks.o
 .rodata        0x00006978       0x18 ./Sources/protocol.o
 .rodata        0x00006990       0x28 ./Sources/utils.o
 .rodata        0x000069b8        0xc ./Generated_Code/GI2C1.o
 .rodata        0x000069c4        0x8 ./Generated_Code/tasks.o
 *(.rodata*)
 .rodata.processProtocol
                0x000069cc       0x30 ./Sources/protocol.o
 .rodata.__func__.4419
                0x000069fc        0xc ./Sources/utils.o
 .rodata.ChannelToPin
                0x00006a08        0x4 ./Generated_Code/AdcLdd1.o
 .rodata.addr.6703
                0x00006a0c        0x1 ./Generated_Code/MMA1.o
 .rodata.str1.1
                0x00006a0d       0x3c c:/freescale/kds_v3/toolchain/bin/../lib/gcc/arm-none-eabi/4.8.4/../../../../arm-none-eabi/lib/armv6-m\libg_s.a(lib_a-assert.o)
                                 0x3d (size before relaxing)
 .rodata.str1.1
                0x00006a49        0x2 c:/freescale/kds_v3/toolchain/bin/../lib/gcc/arm-none-eabi/4.8.4/../../../../arm-none-eabi/lib/armv6-m\libg_s.a(lib_a-impure.o)
 *fill*         0x00006a4b        0x1 
 .rodata._global_impure_ptr
                0x00006a4c        0x4 c:/freescale/kds_v3/toolchain/bin/../lib/gcc/arm-none-eabi/4.8.4/../../../../arm-none-eabi/lib/armv6-m\libg_s.a(lib_a-impure.o)
                0x00006a4c                _global_impure_ptr
 .rodata.str1.1
                0x00006a50       0x11 c:/freescale/kds_v3/toolchain/bin/../lib/gcc/arm-none-eabi/4.8.4/../../../../arm-none-eabi/lib/armv6-m\libg_s.a(lib_a-svfprintf.o)
 .rodata.str1.1
                0x00000000       0x11 c:/freescale/kds_v3/toolchain/bin/../lib/gcc/arm-none-eabi/4.8.4/../../../../arm-none-eabi/lib/armv6-m\libg_s.a(lib_a-vfprintf.o)
 .rodata.str1.1
                0x00006a61       0x22 c:/freescale/kds_v3/toolchain/bin/../lib/gcc/arm-none-eabi/4.8.4/../../../../arm-none-eabi/lib/armv6-m\libg_s.a(lib_a-vfprintf_i.o)
 .rodata._ctype_
                0x00006a83      0x101 c:/freescale/kds_v3/toolchain/bin/../lib/gcc/arm-none-eabi/4.8.4/../../../../arm-none-eabi/lib/armv6-m\libg_s.a(lib_a-ctype_.o)
                0x00006a83                _ctype_
 .rodata.__sf_fake_stdin
                0x00006b84       0x20 c:/freescale/kds_v3/toolchain/bin/../lib/gcc/arm-none-eabi/4.8.4/../../../../arm-none-eabi/lib/armv6-m\libg_s.a(lib_a-findfp.o)
                0x00006b84                __sf_fake_stdin
 .rodata.__sf_fake_stdout
                0x00006ba4       0x20 c:/freescale/kds_v3/toolchain/bin/../lib/gcc/arm-none-eabi/4.8.4/../../../../arm-none-eabi/lib/armv6-m\libg_s.a(lib_a-findfp.o)
                0x00006ba4                __sf_fake_stdout
 .rodata.__sf_fake_stderr
                0x00006bc4       0x20 c:/freescale/kds_v3/toolchain/bin/../lib/gcc/arm-none-eabi/4.8.4/../../../../arm-none-eabi/lib/armv6-m\libg_s.a(lib_a-findfp.o)
                0x00006bc4                __sf_fake_stderr
 *(.glue_7)
 .glue_7        0x00000000        0x0 linker stubs
 *(.glue_7t)
 .glue_7t       0x00000000        0x0 linker stubs
 *(.eh_frame)
 .eh_frame      0x00006be4        0x0 c:/freescale/kds_v3/toolchain/bin/../lib/gcc/arm-none-eabi/4.8.4/armv6-m/crtbegin.o
 *(.init)
 .init          0x00006be4        0x4 c:/freescale/kds_v3/toolchain/bin/../lib/gcc/arm-none-eabi/4.8.4/armv6-m/crti.o
                0x00006be4                _init
 .init          0x00006be8        0x8 c:/freescale/kds_v3/toolchain/bin/../lib/gcc/arm-none-eabi/4.8.4/armv6-m/crtn.o
 *(.fini)
 .fini          0x00006bf0        0x4 c:/freescale/kds_v3/toolchain/bin/../lib/gcc/arm-none-eabi/4.8.4/armv6-m/crti.o
                0x00006bf0                _fini
 .fini          0x00006bf4        0x8 c:/freescale/kds_v3/toolchain/bin/../lib/gcc/arm-none-eabi/4.8.4/armv6-m/crtn.o
                0x00006bfc                . = ALIGN (0x4)
                0x00006bfc                _etext = .

.vfp11_veneer   0x00006bfc        0x0
 .vfp11_veneer  0x00000000        0x0 linker stubs

.v4_bx          0x00006bfc        0x0
 .v4_bx         0x00000000        0x0 linker stubs

.iplt           0x00006bfc        0x0
 .iplt          0x00000000        0x0 c:/freescale/kds_v3/toolchain/bin/../lib/gcc/arm-none-eabi/4.8.4/armv6-m/crtbegin.o

.ARM.extab
 *(.ARM.extab* .gnu.linkonce.armextab.*)

.ARM            0x00006bfc        0x8
                0x00006bfc                __exidx_start = .
 *(.ARM.exidx*)
 .ARM.exidx     0x00006bfc        0x8 c:/freescale/kds_v3/toolchain/bin/../lib/gcc/arm-none-eabi/4.8.4/../../../../arm-none-eabi/lib/armv6-m/crt0.o
                0x00006c04                __exidx_end = .

.rel.dyn        0x00006c04        0x0
 .rel.iplt      0x00000000        0x0 c:/freescale/kds_v3/toolchain/bin/../lib/gcc/arm-none-eabi/4.8.4/armv6-m/crtbegin.o

.ctors          0x00006c04        0x0
                0x00006c04                __CTOR_LIST__ = .
 *crtbegin.o(.ctors)
 *(EXCLUDE_FILE(*crtend.o) .ctors)
 *(SORT(.ctors.*))
 *(.ctors)
                0x00006c04                __CTOR_END__ = .

.dtors          0x00006c04        0x0
                0x00006c04                __DTOR_LIST__ = .
 *crtbegin.o(.dtors)
 *(EXCLUDE_FILE(*crtend.o) .dtors)
 *(SORT(.dtors.*))
 *(.dtors)
                0x00006c04                __DTOR_END__ = .

.preinit_array  0x00006c04        0x0
                0x00006c04                PROVIDE (__preinit_array_start, .)
 *(.preinit_array*)
                0x00006c04                PROVIDE (__preinit_array_end, .)

.init_array     0x00006c04        0x4
                0x00006c04                PROVIDE (__init_array_start, .)
 *(SORT(.init_array.*))
 *(.init_array*)
 .init_array    0x00006c04        0x4 c:/freescale/kds_v3/toolchain/bin/../lib/gcc/arm-none-eabi/4.8.4/armv6-m/crtbegin.o
                0x00006c08                PROVIDE (__init_array_end, .)

.fini_array     0x00006c08        0x4
                0x00006c08                PROVIDE (__fini_array_start, .)
 *(SORT(.fini_array.*))
 *(.fini_array*)
 .fini_array    0x00006c08        0x4 c:/freescale/kds_v3/toolchain/bin/../lib/gcc/arm-none-eabi/4.8.4/armv6-m/crtbegin.o
                0x00006c0c                PROVIDE (__fini_array_end, .)
                0x00006c0c                ___ROM_AT = .

.mtb            0x1ffff000        0x0
                0x1ffff000                . = ALIGN (0x8)
                0x1ffff000                _mtb_start = .
 *(.mtb_buf)
                0x1ffff000                . = ALIGN (0x8)
                0x1ffff000                _mtb_end = .

.data           0x1ffff000       0xb4 load address 0x00006c0c
                0x1ffff000                . = ALIGN (0x4)
                0x1ffff000                _sdata = .
 *(.data)
 *(.data*)
 .data.timeTx   0x1ffff000        0x4 ./Sources/protocol.o
                0x1ffff000                timeTx
 .data.timeRx   0x1ffff004        0x4 ./Sources/protocol.o
                0x1ffff004                timeRx
 .data.ListCmd  0x1ffff008       0x3c ./Sources/protocol.o
                0x1ffff008                ListCmd
 .data.xHeapStructSize
                0x1ffff044        0x4 ./Generated_Code/heap_4.o
 .data.uxCriticalNesting
                0x1ffff048        0x4 ./Generated_Code/port.o
 .data.impure_data
                0x1ffff04c       0x60 c:/freescale/kds_v3/toolchain/bin/../lib/gcc/arm-none-eabi/4.8.4/../../../../arm-none-eabi/lib/armv6-m\libg_s.a(lib_a-impure.o)
 .data._impure_ptr
                0x1ffff0ac        0x4 c:/freescale/kds_v3/toolchain/bin/../lib/gcc/arm-none-eabi/4.8.4/../../../../arm-none-eabi/lib/armv6-m\libg_s.a(lib_a-impure.o)
                0x1ffff0ac                _impure_ptr
 .data.__ctype_ptr__
                0x1ffff0b0        0x4 c:/freescale/kds_v3/toolchain/bin/../lib/gcc/arm-none-eabi/4.8.4/../../../../arm-none-eabi/lib/armv6-m\libg_s.a(lib_a-ctype_.o)
                0x1ffff0b0                __ctype_ptr__
                0x1ffff0b4                . = ALIGN (0x4)
                0x1ffff0b4                _edata = .
                0x000000b4                ___data_size = (_edata - _sdata)

.jcr            0x1ffff0b4        0x0 load address 0x00006cc0
 .jcr           0x1ffff0b4        0x0 c:/freescale/kds_v3/toolchain/bin/../lib/gcc/arm-none-eabi/4.8.4/armv6-m/crtbegin.o

.igot.plt       0x1ffff0b4        0x0 load address 0x00006cc0
 .igot.plt      0x00000000        0x0 c:/freescale/kds_v3/toolchain/bin/../lib/gcc/arm-none-eabi/4.8.4/armv6-m/crtbegin.o
                0x1ffff0b4                . = ALIGN (0x4)

.bss            0x1ffff0b4     0x1304 load address 0x00006cc0
                0x1ffff0b4                __START_BSS = .
                0x1ffff0b4                PROVIDE (__bss_start__, __START_BSS)
 *(.bss)
 .bss           0x1ffff0b4       0x1c c:/freescale/kds_v3/toolchain/bin/../lib/gcc/arm-none-eabi/4.8.4/armv6-m/crtbegin.o
 *(.bss*)
 .bss.tx_result.7061
                0x1ffff0d0        0x1 ./Sources/Events.o
 .bss.byte.7060
                0x1ffff0d1        0x1 ./Sources/Events.o
 .bss.AD_finished
                0x1ffff0d2        0x1 ./Sources/application.o
                0x1ffff0d2                AD_finished
 .bss.statusRx  0x1ffff0d3        0x1 ./Sources/protocol.o
                0x1ffff0d3                statusRx
 .bss.SumChan   0x1ffff0d4        0x1 ./Generated_Code/AD1.o
 .bss.ModeFlg   0x1ffff0d5        0x1 ./Generated_Code/AD1.o
 *fill*         0x1ffff0d6        0x2 
 .bss.SampleGroup
                0x1ffff0d8        0x4 ./Generated_Code/AD1.o
 .bss.OutFlg    0x1ffff0dc        0x1 ./Generated_Code/AD1.o
 *fill*         0x1ffff0dd        0x1 
 .bss.SerFlag   0x1ffff0de        0x2 ./Generated_Code/AS1.o
 .bss.BufferRead
                0x1ffff0e0        0x1 ./Generated_Code/AS1.o
 .bss.OutBuffer
                0x1ffff0e1        0x1 ./Generated_Code/AS1.o
 *fill*         0x1ffff0e2        0x2 
 .bss.DeviceDataPrv__DEFAULT_RTOS_ALLOC
                0x1ffff0e4       0x20 ./Generated_Code/ASerialLdd1.o
 .bss.INT_UART0__BAREBOARD_RTOS_ISRPARAM
                0x1ffff104        0x4 ./Generated_Code/ASerialLdd1.o
 .bss.DeviceDataPrv__DEFAULT_RTOS_ALLOC
                0x1ffff108        0x8 ./Generated_Code/AdcLdd1.o
 .bss.INT_ADC0__BAREBOARD_RTOS_ISRPARAM
                0x1ffff110        0x4 ./Generated_Code/AdcLdd1.o
 .bss.DeviceDataPrv__DEFAULT_RTOS_ALLOC
                0x1ffff114        0x4 ./Generated_Code/BitIoLdd1.o
 .bss.DeviceDataPrv__DEFAULT_RTOS_ALLOC
                0x1ffff118        0x4 ./Generated_Code/BitIoLdd2.o
 .bss.DeviceDataPrv__DEFAULT_RTOS_ALLOC
                0x1ffff11c        0x4 ./Generated_Code/BitIoLdd3.o
 .bss.DeviceDataPrv__DEFAULT_RTOS_ALLOC
                0x1ffff120        0x4 ./Generated_Code/BitIoLdd4.o
 .bss.DeviceDataPrv__DEFAULT_RTOS_ALLOC
                0x1ffff124        0x4 ./Generated_Code/BitIoLdd5.o
 .bss.SR_lock   0x1ffff128        0x1 ./Generated_Code/Cpu.o
                0x1ffff128                SR_lock
 *fill*         0x1ffff129        0x3 
 .bss.GI2C1_busSem
                0x1ffff12c        0x4 ./Generated_Code/GI2C1.o
 .bss.writeBuf.6682
                0x1ffff130       0x10 ./Generated_Code/GI2C1.o
 .bss.SlaveAddr
                0x1ffff140        0x1 ./Generated_Code/I2C1.o
 *fill*         0x1ffff141        0x3 
 .bss.sCalValues
                0x1ffff144        0x8 ./Generated_Code/MMA1.o
 .bss.PE_LDD_DeviceDataList
                0x1ffff14c       0x24 ./Generated_Code/PE_LDD.o
                0x1ffff14c                PE_LDD_DeviceDataList
 .bss.DeviceDataPrv__DEFAULT_RTOS_ALLOC
                0x1ffff170        0xc ./Generated_Code/TU1.o
 .bss.INT_TPM0__BAREBOARD_RTOS_ISRPARAM
                0x1ffff17c        0x4 ./Generated_Code/TU1.o
 .bss.DeviceDataPrv__DEFAULT_RTOS_ALLOC
                0x1ffff180        0xc ./Generated_Code/TimerIntLdd1.o
 .bss.ucHeap    0x1ffff18c     0x1000 ./Generated_Code/heap_4.o
 .bss.xStart    0x2000018c        0x8 ./Generated_Code/heap_4.o
 .bss.pxEnd     0x20000194        0x4 ./Generated_Code/heap_4.o
 .bss.xFreeBytesRemaining
                0x20000198        0x4 ./Generated_Code/heap_4.o
 .bss.xMinimumEverFreeBytesRemaining
                0x2000019c        0x4 ./Generated_Code/heap_4.o
 .bss.xBlockAllocatedBit
                0x200001a0        0x4 ./Generated_Code/heap_4.o
 .bss.pxCurrentTCB
                0x200001a4        0x4 ./Generated_Code/tasks.o
                0x200001a4                pxCurrentTCB
 .bss.pxReadyTasksLists
                0x200001a8       0x78 ./Generated_Code/tasks.o
 .bss.xDelayedTaskList1
                0x20000220       0x14 ./Generated_Code/tasks.o
 .bss.xDelayedTaskList2
                0x20000234       0x14 ./Generated_Code/tasks.o
 .bss.pxDelayedTaskList
                0x20000248        0x4 ./Generated_Code/tasks.o
 .bss.pxOverflowDelayedTaskList
                0x2000024c        0x4 ./Generated_Code/tasks.o
 .bss.xPendingReadyList
                0x20000250       0x14 ./Generated_Code/tasks.o
 .bss.xSuspendedTaskList
                0x20000264       0x14 ./Generated_Code/tasks.o
 .bss.uxCurrentNumberOfTasks
                0x20000278        0x4 ./Generated_Code/tasks.o
 .bss.xTickCount
                0x2000027c        0x4 ./Generated_Code/tasks.o
 .bss.uxTopReadyPriority
                0x20000280        0x4 ./Generated_Code/tasks.o
 .bss.xSchedulerRunning
                0x20000284        0x4 ./Generated_Code/tasks.o
 .bss.uxPendedTicks
                0x20000288        0x4 ./Generated_Code/tasks.o
 .bss.xYieldPending
                0x2000028c        0x4 ./Generated_Code/tasks.o
 .bss.xNumOfOverflows
                0x20000290        0x4 ./Generated_Code/tasks.o
 .bss.uxTaskNumber
                0x20000294        0x4 ./Generated_Code/tasks.o
 .bss.xNextTaskUnblockTime
                0x20000298        0x4 ./Generated_Code/tasks.o
 .bss.xIdleTaskHandle
                0x2000029c        0x4 ./Generated_Code/tasks.o
 .bss.uxSchedulerSuspended
                0x200002a0        0x4 ./Generated_Code/tasks.o
 .bss.__malloc_sbrk_start
                0x200002a4        0x4 c:/freescale/kds_v3/toolchain/bin/../lib/gcc/arm-none-eabi/4.8.4/../../../../arm-none-eabi/lib/armv6-m\libg_s.a(lib_a-nano-mallocr.o)
                0x200002a4                __malloc_sbrk_start
 .bss.__malloc_free_list
                0x200002a8        0x4 c:/freescale/kds_v3/toolchain/bin/../lib/gcc/arm-none-eabi/4.8.4/../../../../arm-none-eabi/lib/armv6-m\libg_s.a(lib_a-nano-mallocr.o)
                0x200002a8                __malloc_free_list
 .bss.heap_end.4246
                0x200002ac        0x4 c:/freescale/kds_v3/toolchain/bin/../lib/gcc/arm-none-eabi/4.8.4/../../../../arm-none-eabi/lib/armv6-m\libnosys.a(sbrk.o)
 *(COMMON)
 COMMON         0x200002b0        0xc ./Sources/application.o
                0x200002b0                xyz
                0x200002b4                AD_Values
 COMMON         0x200002bc       0xbb ./Sources/protocol.o
                0x200002bc                rxFrame
                0x200002d0                bufferRx
                0x20000314                param_cmd
                0x20000334                bufferTx
 *fill*         0x20000377        0x1 
 COMMON         0x20000378        0xc ./Generated_Code/AD1.o
                0x20000378                AD1_OutV
                0x20000380                AdcLdd1_DeviceDataPtr
 COMMON         0x20000384        0x4 ./Generated_Code/AS1.o
                0x20000384                ASerialLdd1_DeviceDataPtr
 COMMON         0x20000388        0x1 ./Generated_Code/Cpu.o
                0x20000388                SR_reg
 *fill*         0x20000389        0x3 
 COMMON         0x2000038c       0x28 ./Generated_Code/queue.o
                0x2000038c                xQueueRegistry
 COMMON         0x200003b4        0x4 c:/freescale/kds_v3/toolchain/bin/../lib/gcc/arm-none-eabi/4.8.4/../../../../arm-none-eabi/lib/armv6-m\libg_s.a(lib_a-reent.o)
                0x200003b4                errno
                0x200003b8                . = ALIGN (0x4)
                0x200003b8                __END_BSS = .
                0x200003b8                PROVIDE (__bss_end__, __END_BSS)
                0x00006cc0                _romp_at = (___ROM_AT + SIZEOF (.data))

.romp           0x200003b8       0x18 load address 0x00006cc0
                0x00006cc0                __S_romp = _romp_at
                0x200003b8        0x4 LONG 0x6c0c ___ROM_AT
                0x200003bc        0x4 LONG 0x1ffff000 _sdata
                0x200003c0        0x4 LONG 0xb4 ___data_size
                0x200003c4        0x4 LONG 0x0
                0x200003c8        0x4 LONG 0x0
                0x200003cc        0x4 LONG 0x0
                0x00020000                text_end = (ORIGIN (m_text) + 0x1fbf0)
                0x00006cd8                data_init_end = ((___ROM_AT + SIZEOF (.data)) + SIZEOF (.romp))
                0x00000001                ASSERT ((data_init_end <= text_end), region m_text overflowed with text and data)

._user_heap_stack
                0x200003d0      0x400 load address 0x00006cd8
                0x200003d0                . = ALIGN (0x4)
                0x200003d0                PROVIDE (end, .)
                0x200003d0                PROVIDE (_end, .)
                0x200003d0                PROVIDE (__end__, .)
                0x200003d0                __heap_addr = .
                0x200003d0                __HeapBase = .
                0x200003d0                . = (. + __heap_size)
                0x200003d0                __HeapLimit = .
                0x200007d0                . = (. + __stack_size)
 *fill*         0x200003d0      0x400 
                0x200007d0                . = ALIGN (0x4)

.ARM.attributes
                0x00000000       0x28
 *(.ARM.attributes)
 .ARM.attributes
                0x00000000       0x1e c:/freescale/kds_v3/toolchain/bin/../lib/gcc/arm-none-eabi/4.8.4/armv6-m/crti.o
 .ARM.attributes
                0x0000001e       0x2c c:/freescale/kds_v3/toolchain/bin/../lib/gcc/arm-none-eabi/4.8.4/armv6-m/crtbegin.o
 .ARM.attributes
                0x0000004a       0x1b c:/freescale/kds_v3/toolchain/bin/../lib/gcc/arm-none-eabi/4.8.4/../../../../arm-none-eabi/lib/armv6-m/crt0.o
 .ARM.attributes
                0x00000065       0x32 ./Sources/Events.o
 .ARM.attributes
                0x00000097       0x32 ./Sources/RingBuffer.o
 .ARM.attributes
                0x000000c9       0x32 ./Sources/application.o
 .ARM.attributes
                0x000000fb       0x32 ./Sources/frtos_tasks.o
 .ARM.attributes
                0x0000012d       0x32 ./Sources/main.o
 .ARM.attributes
                0x0000015f       0x32 ./Sources/protocol.o
 .ARM.attributes
                0x00000191       0x32 ./Sources/utils.o
 .ARM.attributes
                0x000001c3       0x32 ./Project_Settings/Startup_Code/startup.o
 .ARM.attributes
                0x000001f5       0x32 ./Generated_Code/AD1.o
 .ARM.attributes
                0x00000227       0x32 ./Generated_Code/AS1.o
 .ARM.attributes
                0x00000259       0x32 ./Generated_Code/ASerialLdd1.o
 .ARM.attributes
                0x0000028b       0x32 ./Generated_Code/AdcLdd1.o
 .ARM.attributes
                0x000002bd       0x32 ./Generated_Code/BitIoLdd1.o
 .ARM.attributes
                0x000002ef       0x32 ./Generated_Code/BitIoLdd2.o
 .ARM.attributes
                0x00000321       0x32 ./Generated_Code/BitIoLdd3.o
 .ARM.attributes
                0x00000353       0x32 ./Generated_Code/BitIoLdd4.o
 .ARM.attributes
                0x00000385       0x32 ./Generated_Code/BitIoLdd5.o
 .ARM.attributes
                0x000003b7       0x32 ./Generated_Code/Cpu.o
 .ARM.attributes
                0x000003e9       0x32 ./Generated_Code/FRTOS1.o
 .ARM.attributes
                0x0000041b       0x32 ./Generated_Code/GI2C1.o
 .ARM.attributes
                0x0000044d       0x32 ./Generated_Code/I2C1.o
 .ARM.attributes
                0x0000047f       0x32 ./Generated_Code/LED_B.o
 .ARM.attributes
                0x000004b1       0x32 ./Generated_Code/LED_G.o
 .ARM.attributes
                0x000004e3       0x32 ./Generated_Code/LED_R.o
 .ARM.attributes
                0x00000515       0x32 ./Generated_Code/MMA1.o
 .ARM.attributes
                0x00000547       0x32 ./Generated_Code/PE_LDD.o
 .ARM.attributes
                0x00000579       0x32 ./Generated_Code/TI1.o
 .ARM.attributes
                0x000005ab       0x32 ./Generated_Code/TSK1.o
 .ARM.attributes
                0x000005dd       0x32 ./Generated_Code/TU1.o
 .ARM.attributes
                0x0000060f       0x32 ./Generated_Code/TimerIntLdd1.o
 .ARM.attributes
                0x00000641       0x32 ./Generated_Code/Vectors.o
 .ARM.attributes
                0x00000673       0x32 ./Generated_Code/WAIT1.o
 .ARM.attributes
                0x000006a5       0x32 ./Generated_Code/heap_4.o
 .ARM.attributes
                0x000006d7       0x32 ./Generated_Code/list.o
 .ARM.attributes
                0x00000709       0x32 ./Generated_Code/port.o
 .ARM.attributes
                0x0000073b       0x32 ./Generated_Code/queue.o
 .ARM.attributes
                0x0000076d       0x32 ./Generated_Code/tasks.o
 .ARM.attributes
                0x0000079f       0x1e c:/freescale/kds_v3/toolchain/bin/../lib/gcc/arm-none-eabi/4.8.4/armv6-m\libgcc.a(_udivsi3.o)
 .ARM.attributes
                0x000007bd       0x1e c:/freescale/kds_v3/toolchain/bin/../lib/gcc/arm-none-eabi/4.8.4/armv6-m\libgcc.a(_dvmd_tls.o)
 .ARM.attributes
                0x000007db       0x2c c:/freescale/kds_v3/toolchain/bin/../lib/gcc/arm-none-eabi/4.8.4/../../../../arm-none-eabi/lib/armv6-m\libg_s.a(lib_a-assert.o)
 .ARM.attributes
                0x00000807       0x2c c:/freescale/kds_v3/toolchain/bin/../lib/gcc/arm-none-eabi/4.8.4/../../../../arm-none-eabi/lib/armv6-m\libg_s.a(lib_a-atoi.o)
 .ARM.attributes
                0x00000833       0x2c c:/freescale/kds_v3/toolchain/bin/../lib/gcc/arm-none-eabi/4.8.4/../../../../arm-none-eabi/lib/armv6-m\libg_s.a(lib_a-exit.o)
 .ARM.attributes
                0x0000085f       0x2c c:/freescale/kds_v3/toolchain/bin/../lib/gcc/arm-none-eabi/4.8.4/../../../../arm-none-eabi/lib/armv6-m\libg_s.a(lib_a-fprintf.o)
 .ARM.attributes
                0x0000088b       0x2c c:/freescale/kds_v3/toolchain/bin/../lib/gcc/arm-none-eabi/4.8.4/../../../../arm-none-eabi/lib/armv6-m\libg_s.a(lib_a-impure.o)
 .ARM.attributes
                0x000008b7       0x2c c:/freescale/kds_v3/toolchain/bin/../lib/gcc/arm-none-eabi/4.8.4/../../../../arm-none-eabi/lib/armv6-m\libg_s.a(lib_a-init.o)
 .ARM.attributes
                0x000008e3       0x2c c:/freescale/kds_v3/toolchain/bin/../lib/gcc/arm-none-eabi/4.8.4/../../../../arm-none-eabi/lib/armv6-m\libg_s.a(lib_a-memcpy-stub.o)
 .ARM.attributes
                0x0000090f       0x2c c:/freescale/kds_v3/toolchain/bin/../lib/gcc/arm-none-eabi/4.8.4/../../../../arm-none-eabi/lib/armv6-m\libg_s.a(lib_a-memset.o)
 .ARM.attributes
                0x0000093b       0x2c c:/freescale/kds_v3/toolchain/bin/../lib/gcc/arm-none-eabi/4.8.4/../../../../arm-none-eabi/lib/armv6-m\libg_s.a(lib_a-sprintf.o)
 .ARM.attributes
                0x00000967       0x1c c:/freescale/kds_v3/toolchain/bin/../lib/gcc/arm-none-eabi/4.8.4/../../../../arm-none-eabi/lib/armv6-m\libg_s.a(lib_a-strcmp.o)
 .ARM.attributes
                0x00000983       0x2c c:/freescale/kds_v3/toolchain/bin/../lib/gcc/arm-none-eabi/4.8.4/../../../../arm-none-eabi/lib/armv6-m\libg_s.a(lib_a-strcpy.o)
 .ARM.attributes
                0x000009af       0x2c c:/freescale/kds_v3/toolchain/bin/../lib/gcc/arm-none-eabi/4.8.4/../../../../arm-none-eabi/lib/armv6-m\libg_s.a(lib_a-strlen.o)
 .ARM.attributes
                0x000009db       0x2c c:/freescale/kds_v3/toolchain/bin/../lib/gcc/arm-none-eabi/4.8.4/../../../../arm-none-eabi/lib/armv6-m\libg_s.a(lib_a-strstr.o)
 .ARM.attributes
                0x00000a07       0x2c c:/freescale/kds_v3/toolchain/bin/../lib/gcc/arm-none-eabi/4.8.4/../../../../arm-none-eabi/lib/armv6-m\libg_s.a(lib_a-strtok_r.o)
 .ARM.attributes
                0x00000a33       0x2c c:/freescale/kds_v3/toolchain/bin/../lib/gcc/arm-none-eabi/4.8.4/../../../../arm-none-eabi/lib/armv6-m\libg_s.a(lib_a-strtol.o)
 .ARM.attributes
                0x00000a5f       0x2c c:/freescale/kds_v3/toolchain/bin/../lib/gcc/arm-none-eabi/4.8.4/../../../../arm-none-eabi/lib/armv6-m\libg_s.a(lib_a-svfprintf.o)
 .ARM.attributes
                0x00000a8b       0x2c c:/freescale/kds_v3/toolchain/bin/../lib/gcc/arm-none-eabi/4.8.4/../../../../arm-none-eabi/lib/armv6-m\libg_s.a(lib_a-vfprintf.o)
 .ARM.attributes
                0x00000ab7       0x2c c:/freescale/kds_v3/toolchain/bin/../lib/gcc/arm-none-eabi/4.8.4/../../../../arm-none-eabi/lib/armv6-m\libg_s.a(lib_a-vfprintf_i.o)
 .ARM.attributes
                0x00000ae3       0x2c c:/freescale/kds_v3/toolchain/bin/../lib/gcc/arm-none-eabi/4.8.4/../../../../arm-none-eabi/lib/armv6-m\libg_s.a(lib_a-wbuf.o)
 .ARM.attributes
                0x00000b0f       0x2c c:/freescale/kds_v3/toolchain/bin/../lib/gcc/arm-none-eabi/4.8.4/../../../../arm-none-eabi/lib/armv6-m\libg_s.a(lib_a-wsetup.o)
 .ARM.attributes
                0x00000b3b       0x2c c:/freescale/kds_v3/toolchain/bin/../lib/gcc/arm-none-eabi/4.8.4/../../../../arm-none-eabi/lib/armv6-m\libg_s.a(lib_a-abort.o)
 .ARM.attributes
                0x00000b67       0x2c c:/freescale/kds_v3/toolchain/bin/../lib/gcc/arm-none-eabi/4.8.4/../../../../arm-none-eabi/lib/armv6-m\libg_s.a(lib_a-ctype_.o)
 .ARM.attributes
                0x00000b93       0x2c c:/freescale/kds_v3/toolchain/bin/../lib/gcc/arm-none-eabi/4.8.4/../../../../arm-none-eabi/lib/armv6-m\libg_s.a(lib_a-fflush.o)
 .ARM.attributes
                0x00000bbf       0x2c c:/freescale/kds_v3/toolchain/bin/../lib/gcc/arm-none-eabi/4.8.4/../../../../arm-none-eabi/lib/armv6-m\libg_s.a(lib_a-findfp.o)
 .ARM.attributes
                0x00000beb       0x2c c:/freescale/kds_v3/toolchain/bin/../lib/gcc/arm-none-eabi/4.8.4/../../../../arm-none-eabi/lib/armv6-m\libg_s.a(lib_a-makebuf.o)
 .ARM.attributes
                0x00000c17       0x2c c:/freescale/kds_v3/toolchain/bin/../lib/gcc/arm-none-eabi/4.8.4/../../../../arm-none-eabi/lib/armv6-m\libg_s.a(lib_a-memchr-stub.o)
 .ARM.attributes
                0x00000c43       0x2c c:/freescale/kds_v3/toolchain/bin/../lib/gcc/arm-none-eabi/4.8.4/../../../../arm-none-eabi/lib/armv6-m\libg_s.a(lib_a-memmove.o)
 .ARM.attributes
                0x00000c6f       0x2c c:/freescale/kds_v3/toolchain/bin/../lib/gcc/arm-none-eabi/4.8.4/../../../../arm-none-eabi/lib/armv6-m\libg_s.a(lib_a-nano-freer.o)
 .ARM.attributes
                0x00000c9b       0x2c c:/freescale/kds_v3/toolchain/bin/../lib/gcc/arm-none-eabi/4.8.4/../../../../arm-none-eabi/lib/armv6-m\libg_s.a(lib_a-nano-mallocr.o)
 .ARM.attributes
                0x00000cc7       0x2c c:/freescale/kds_v3/toolchain/bin/../lib/gcc/arm-none-eabi/4.8.4/../../../../arm-none-eabi/lib/armv6-m\libg_s.a(lib_a-nano-reallocr.o)
 .ARM.attributes
                0x00000cf3       0x2c c:/freescale/kds_v3/toolchain/bin/../lib/gcc/arm-none-eabi/4.8.4/../../../../arm-none-eabi/lib/armv6-m\libg_s.a(lib_a-sbrkr.o)
 .ARM.attributes
                0x00000d1f       0x2c c:/freescale/kds_v3/toolchain/bin/../lib/gcc/arm-none-eabi/4.8.4/../../../../arm-none-eabi/lib/armv6-m\libg_s.a(lib_a-signal.o)
 .ARM.attributes
                0x00000d4b       0x2c c:/freescale/kds_v3/toolchain/bin/../lib/gcc/arm-none-eabi/4.8.4/../../../../arm-none-eabi/lib/armv6-m\libg_s.a(lib_a-signalr.o)
 .ARM.attributes
                0x00000d77       0x2c c:/freescale/kds_v3/toolchain/bin/../lib/gcc/arm-none-eabi/4.8.4/../../../../arm-none-eabi/lib/armv6-m\libg_s.a(lib_a-stdio.o)
 .ARM.attributes
                0x00000da3       0x2c c:/freescale/kds_v3/toolchain/bin/../lib/gcc/arm-none-eabi/4.8.4/../../../../arm-none-eabi/lib/armv6-m\libg_s.a(lib_a-writer.o)
 .ARM.attributes
                0x00000dcf       0x2c c:/freescale/kds_v3/toolchain/bin/../lib/gcc/arm-none-eabi/4.8.4/../../../../arm-none-eabi/lib/armv6-m\libg_s.a(lib_a-closer.o)
 .ARM.attributes
                0x00000dfb       0x2c c:/freescale/kds_v3/toolchain/bin/../lib/gcc/arm-none-eabi/4.8.4/../../../../arm-none-eabi/lib/armv6-m\libg_s.a(lib_a-fstatr.o)
 .ARM.attributes
                0x00000e27       0x2c c:/freescale/kds_v3/toolchain/bin/../lib/gcc/arm-none-eabi/4.8.4/../../../../arm-none-eabi/lib/armv6-m\libg_s.a(lib_a-isattyr.o)
 .ARM.attributes
                0x00000e53       0x2c c:/freescale/kds_v3/toolchain/bin/../lib/gcc/arm-none-eabi/4.8.4/../../../../arm-none-eabi/lib/armv6-m\libg_s.a(lib_a-lseekr.o)
 .ARM.attributes
                0x00000e7f       0x2c c:/freescale/kds_v3/toolchain/bin/../lib/gcc/arm-none-eabi/4.8.4/../../../../arm-none-eabi/lib/armv6-m\libg_s.a(lib_a-nano-msizer.o)
 .ARM.attributes
                0x00000eab       0x2c c:/freescale/kds_v3/toolchain/bin/../lib/gcc/arm-none-eabi/4.8.4/../../../../arm-none-eabi/lib/armv6-m\libg_s.a(lib_a-readr.o)
 .ARM.attributes
                0x00000ed7       0x2c c:/freescale/kds_v3/toolchain/bin/../lib/gcc/arm-none-eabi/4.8.4/../../../../arm-none-eabi/lib/armv6-m\libg_s.a(lib_a-reent.o)
 .ARM.attributes
                0x00000f03       0x2c c:/freescale/kds_v3/toolchain/bin/../lib/gcc/arm-none-eabi/4.8.4/../../../../arm-none-eabi/lib/armv6-m\libnosys.a(close.o)
 .ARM.attributes
                0x00000f2f       0x2c c:/freescale/kds_v3/toolchain/bin/../lib/gcc/arm-none-eabi/4.8.4/../../../../arm-none-eabi/lib/armv6-m\libnosys.a(fstat.o)
 .ARM.attributes
                0x00000f5b       0x2c c:/freescale/kds_v3/toolchain/bin/../lib/gcc/arm-none-eabi/4.8.4/../../../../arm-none-eabi/lib/armv6-m\libnosys.a(getpid.o)
 .ARM.attributes
                0x00000f87       0x2c c:/freescale/kds_v3/toolchain/bin/../lib/gcc/arm-none-eabi/4.8.4/../../../../arm-none-eabi/lib/armv6-m\libnosys.a(isatty.o)
 .ARM.attributes
                0x00000fb3       0x2c c:/freescale/kds_v3/toolchain/bin/../lib/gcc/arm-none-eabi/4.8.4/../../../../arm-none-eabi/lib/armv6-m\libnosys.a(kill.o)
 .ARM.attributes
                0x00000fdf       0x2c c:/freescale/kds_v3/toolchain/bin/../lib/gcc/arm-none-eabi/4.8.4/../../../../arm-none-eabi/lib/armv6-m\libnosys.a(lseek.o)
 .ARM.attributes
                0x0000100b       0x2c c:/freescale/kds_v3/toolchain/bin/../lib/gcc/arm-none-eabi/4.8.4/../../../../arm-none-eabi/lib/armv6-m\libnosys.a(read.o)
 .ARM.attributes
                0x00001037       0x2c c:/freescale/kds_v3/toolchain/bin/../lib/gcc/arm-none-eabi/4.8.4/../../../../arm-none-eabi/lib/armv6-m\libnosys.a(sbrk.o)
 .ARM.attributes
                0x00001063       0x2c c:/freescale/kds_v3/toolchain/bin/../lib/gcc/arm-none-eabi/4.8.4/../../../../arm-none-eabi/lib/armv6-m\libnosys.a(write.o)
 .ARM.attributes
                0x0000108f       0x2c c:/freescale/kds_v3/toolchain/bin/../lib/gcc/arm-none-eabi/4.8.4/../../../../arm-none-eabi/lib/armv6-m\libnosys.a(_exit.o)
 .ARM.attributes
                0x000010bb       0x1e c:/freescale/kds_v3/toolchain/bin/../lib/gcc/arm-none-eabi/4.8.4/armv6-m/crtn.o
OUTPUT(monitor_frtos.elf elf32-littlearm)

.debug_info     0x00000000     0x93c9
 .debug_info    0x00000000      0x204 ./Sources/Events.o
 .debug_info    0x00000204      0x295 ./Sources/RingBuffer.o
 .debug_info    0x00000499      0x31b ./Sources/application.o
 .debug_info    0x000007b4      0x146 ./Sources/frtos_tasks.o
 .debug_info    0x000008fa       0x9a ./Sources/main.o
 .debug_info    0x00000994      0x77f ./Sources/protocol.o
 .debug_info    0x00001113      0x25a ./Sources/utils.o
 .debug_info    0x0000136d      0x20a ./Project_Settings/Startup_Code/startup.o
 .debug_info    0x00001577      0x26f ./Generated_Code/AD1.o
 .debug_info    0x000017e6      0x305 ./Generated_Code/AS1.o
 .debug_info    0x00001aeb      0x820 ./Generated_Code/ASerialLdd1.o
 .debug_info    0x0000230b      0x8c9 ./Generated_Code/AdcLdd1.o
 .debug_info    0x00002bd4      0x372 ./Generated_Code/BitIoLdd1.o
 .debug_info    0x00002f46      0x372 ./Generated_Code/BitIoLdd2.o
 .debug_info    0x000032b8      0x372 ./Generated_Code/BitIoLdd3.o
 .debug_info    0x0000362a      0x3b6 ./Generated_Code/BitIoLdd4.o
 .debug_info    0x000039e0      0x3b6 ./Generated_Code/BitIoLdd5.o
 .debug_info    0x00003d96      0x866 ./Generated_Code/Cpu.o
 .debug_info    0x000045fc       0xd5 ./Generated_Code/FRTOS1.o
 .debug_info    0x000046d1      0x5b2 ./Generated_Code/GI2C1.o
 .debug_info    0x00004c83      0x583 ./Generated_Code/I2C1.o
 .debug_info    0x00005206      0x104 ./Generated_Code/LED_B.o
 .debug_info    0x0000530a      0x104 ./Generated_Code/LED_G.o
 .debug_info    0x0000540e      0x104 ./Generated_Code/LED_R.o
 .debug_info    0x00005512      0x6ce ./Generated_Code/MMA1.o
 .debug_info    0x00005be0      0x251 ./Generated_Code/PE_LDD.o
 .debug_info    0x00005e31       0xb2 ./Generated_Code/TI1.o
 .debug_info    0x00005ee3       0x96 ./Generated_Code/TSK1.o
 .debug_info    0x00005f79      0x55d ./Generated_Code/TU1.o
 .debug_info    0x000064d6      0x177 ./Generated_Code/TimerIntLdd1.o
 .debug_info    0x0000664d      0x10e ./Generated_Code/Vectors.o
 .debug_info    0x0000675b      0x170 ./Generated_Code/WAIT1.o
 .debug_info    0x000068cb      0x306 ./Generated_Code/heap_4.o
 .debug_info    0x00006bd1      0x2a8 ./Generated_Code/list.o
 .debug_info    0x00006e79      0x253 ./Generated_Code/port.o
 .debug_info    0x000070cc      0xda1 ./Generated_Code/queue.o
 .debug_info    0x00007e6d     0x155c ./Generated_Code/tasks.o

.debug_abbrev   0x00000000     0x2b20
 .debug_abbrev  0x00000000       0xfc ./Sources/Events.o
 .debug_abbrev  0x000000fc      0x120 ./Sources/RingBuffer.o
 .debug_abbrev  0x0000021c      0x12e ./Sources/application.o
 .debug_abbrev  0x0000034a       0x80 ./Sources/frtos_tasks.o
 .debug_abbrev  0x000003ca       0x47 ./Sources/main.o
 .debug_abbrev  0x00000411      0x276 ./Sources/protocol.o
 .debug_abbrev  0x00000687      0x125 ./Sources/utils.o
 .debug_abbrev  0x000007ac      0x11e ./Project_Settings/Startup_Code/startup.o
 .debug_abbrev  0x000008ca      0x182 ./Generated_Code/AD1.o
 .debug_abbrev  0x00000a4c      0x17d ./Generated_Code/AS1.o
 .debug_abbrev  0x00000bc9      0x1b8 ./Generated_Code/ASerialLdd1.o
 .debug_abbrev  0x00000d81      0x1d2 ./Generated_Code/AdcLdd1.o
 .debug_abbrev  0x00000f53      0x127 ./Generated_Code/BitIoLdd1.o
 .debug_abbrev  0x0000107a      0x127 ./Generated_Code/BitIoLdd2.o
 .debug_abbrev  0x000011a1      0x127 ./Generated_Code/BitIoLdd3.o
 .debug_abbrev  0x000012c8      0x15f ./Generated_Code/BitIoLdd4.o
 .debug_abbrev  0x00001427      0x15f ./Generated_Code/BitIoLdd5.o
 .debug_abbrev  0x00001586      0x14f ./Generated_Code/Cpu.o
 .debug_abbrev  0x000016d5       0x84 ./Generated_Code/FRTOS1.o
 .debug_abbrev  0x00001759      0x16a ./Generated_Code/GI2C1.o
 .debug_abbrev  0x000018c3      0x1d7 ./Generated_Code/I2C1.o
 .debug_abbrev  0x00001a9a       0xc6 ./Generated_Code/LED_B.o
 .debug_abbrev  0x00001b60       0xc6 ./Generated_Code/LED_G.o
 .debug_abbrev  0x00001c26       0xc6 ./Generated_Code/LED_R.o
 .debug_abbrev  0x00001cec      0x1b5 ./Generated_Code/MMA1.o
 .debug_abbrev  0x00001ea1      0x10d ./Generated_Code/PE_LDD.o
 .debug_abbrev  0x00001fae       0x68 ./Generated_Code/TI1.o
 .debug_abbrev  0x00002016       0x45 ./Generated_Code/TSK1.o
 .debug_abbrev  0x0000205b      0x16a ./Generated_Code/TU1.o
 .debug_abbrev  0x000021c5       0xdd ./Generated_Code/TimerIntLdd1.o
 .debug_abbrev  0x000022a2       0xa4 ./Generated_Code/Vectors.o
 .debug_abbrev  0x00002346       0xb1 ./Generated_Code/WAIT1.o
 .debug_abbrev  0x000023f7      0x17c ./Generated_Code/heap_4.o
 .debug_abbrev  0x00002573       0xc1 ./Generated_Code/list.o
 .debug_abbrev  0x00002634      0x10c ./Generated_Code/port.o
 .debug_abbrev  0x00002740      0x1a6 ./Generated_Code/queue.o
 .debug_abbrev  0x000028e6      0x23a ./Generated_Code/tasks.o

.debug_aranges  0x00000000      0xdf0
 .debug_aranges
                0x00000000       0x80 ./Sources/Events.o
 .debug_aranges
                0x00000080       0x48 ./Sources/RingBuffer.o
 .debug_aranges
                0x000000c8       0x60 ./Sources/application.o
 .debug_aranges
                0x00000128       0x38 ./Sources/frtos_tasks.o
 .debug_aranges
                0x00000160       0x20 ./Sources/main.o
 .debug_aranges
                0x00000180       0xe0 ./Sources/protocol.o
 .debug_aranges
                0x00000260       0x28 ./Sources/utils.o
 .debug_aranges
                0x00000288       0x50 ./Project_Settings/Startup_Code/startup.o
 .debug_aranges
                0x000002d8       0x50 ./Generated_Code/AD1.o
 .debug_aranges
                0x00000328       0x68 ./Generated_Code/AS1.o
 .debug_aranges
                0x00000390       0x50 ./Generated_Code/ASerialLdd1.o
 .debug_aranges
                0x000003e0       0x60 ./Generated_Code/AdcLdd1.o
 .debug_aranges
                0x00000440       0x40 ./Generated_Code/BitIoLdd1.o
 .debug_aranges
                0x00000480       0x40 ./Generated_Code/BitIoLdd2.o
 .debug_aranges
                0x000004c0       0x40 ./Generated_Code/BitIoLdd3.o
 .debug_aranges
                0x00000500       0x48 ./Generated_Code/BitIoLdd4.o
 .debug_aranges
                0x00000548       0x48 ./Generated_Code/BitIoLdd5.o
 .debug_aranges
                0x00000590       0x48 ./Generated_Code/Cpu.o
 .debug_aranges
                0x000005d8       0x30 ./Generated_Code/FRTOS1.o
 .debug_aranges
                0x00000608       0xa0 ./Generated_Code/GI2C1.o
 .debug_aranges
                0x000006a8       0xa8 ./Generated_Code/I2C1.o
 .debug_aranges
                0x00000750       0x30 ./Generated_Code/LED_B.o
 .debug_aranges
                0x00000780       0x30 ./Generated_Code/LED_G.o
 .debug_aranges
                0x000007b0       0x30 ./Generated_Code/LED_R.o
 .debug_aranges
                0x000007e0      0x100 ./Generated_Code/MMA1.o
 .debug_aranges
                0x000008e0       0x30 ./Generated_Code/PE_LDD.o
 .debug_aranges
                0x00000910       0x20 ./Generated_Code/TI1.o
 .debug_aranges
                0x00000930       0x20 ./Generated_Code/TSK1.o
 .debug_aranges
                0x00000950       0x28 ./Generated_Code/TU1.o
 .debug_aranges
                0x00000978       0x28 ./Generated_Code/TimerIntLdd1.o
 .debug_aranges
                0x000009a0       0x18 ./Generated_Code/Vectors.o
 .debug_aranges
                0x000009b8       0x50 ./Generated_Code/WAIT1.o
 .debug_aranges
                0x00000a08       0x50 ./Generated_Code/heap_4.o
 .debug_aranges
                0x00000a58       0x40 ./Generated_Code/list.o
 .debug_aranges
                0x00000a98       0x90 ./Generated_Code/port.o
 .debug_aranges
                0x00000b28      0x108 ./Generated_Code/queue.o
 .debug_aranges
                0x00000c30      0x1c0 ./Generated_Code/tasks.o

.debug_ranges   0x00000000      0xb98
 .debug_ranges  0x00000000       0x70 ./Sources/Events.o
 .debug_ranges  0x00000070       0x38 ./Sources/RingBuffer.o
 .debug_ranges  0x000000a8       0x50 ./Sources/application.o
 .debug_ranges  0x000000f8       0x28 ./Sources/frtos_tasks.o
 .debug_ranges  0x00000120       0x10 ./Sources/main.o
 .debug_ranges  0x00000130       0xd0 ./Sources/protocol.o
 .debug_ranges  0x00000200       0x18 ./Sources/utils.o
 .debug_ranges  0x00000218       0x40 ./Project_Settings/Startup_Code/startup.o
 .debug_ranges  0x00000258       0x40 ./Generated_Code/AD1.o
 .debug_ranges  0x00000298       0x58 ./Generated_Code/AS1.o
 .debug_ranges  0x000002f0       0x40 ./Generated_Code/ASerialLdd1.o
 .debug_ranges  0x00000330       0x50 ./Generated_Code/AdcLdd1.o
 .debug_ranges  0x00000380       0x30 ./Generated_Code/BitIoLdd1.o
 .debug_ranges  0x000003b0       0x30 ./Generated_Code/BitIoLdd2.o
 .debug_ranges  0x000003e0       0x30 ./Generated_Code/BitIoLdd3.o
 .debug_ranges  0x00000410       0x38 ./Generated_Code/BitIoLdd4.o
 .debug_ranges  0x00000448       0x38 ./Generated_Code/BitIoLdd5.o
 .debug_ranges  0x00000480       0x38 ./Generated_Code/Cpu.o
 .debug_ranges  0x000004b8       0x20 ./Generated_Code/FRTOS1.o
 .debug_ranges  0x000004d8       0x90 ./Generated_Code/GI2C1.o
 .debug_ranges  0x00000568       0x98 ./Generated_Code/I2C1.o
 .debug_ranges  0x00000600       0x20 ./Generated_Code/LED_B.o
 .debug_ranges  0x00000620       0x20 ./Generated_Code/LED_G.o
 .debug_ranges  0x00000640       0x20 ./Generated_Code/LED_R.o
 .debug_ranges  0x00000660       0xf0 ./Generated_Code/MMA1.o
 .debug_ranges  0x00000750       0x20 ./Generated_Code/PE_LDD.o
 .debug_ranges  0x00000770       0x10 ./Generated_Code/TI1.o
 .debug_ranges  0x00000780       0x10 ./Generated_Code/TSK1.o
 .debug_ranges  0x00000790       0x18 ./Generated_Code/TU1.o
 .debug_ranges  0x000007a8       0x18 ./Generated_Code/TimerIntLdd1.o
 .debug_ranges  0x000007c0       0x40 ./Generated_Code/WAIT1.o
 .debug_ranges  0x00000800       0x40 ./Generated_Code/heap_4.o
 .debug_ranges  0x00000840       0x30 ./Generated_Code/list.o
 .debug_ranges  0x00000870       0x80 ./Generated_Code/port.o
 .debug_ranges  0x000008f0       0xf8 ./Generated_Code/queue.o
 .debug_ranges  0x000009e8      0x1b0 ./Generated_Code/tasks.o

.debug_macro    0x00000000    0x19e7f
 .debug_macro   0x00000000      0x478 ./Sources/Events.o
 .debug_macro   0x00000478      0x802 ./Sources/Events.o
 .debug_macro   0x00000c7a       0x16 ./Sources/Events.o
 .debug_macro   0x00000c90       0x44 ./Sources/Events.o
 .debug_macro   0x00000cd4      0x209 ./Sources/Events.o
 .debug_macro   0x00000edd     0x15a7 ./Sources/Events.o
 .debug_macro   0x00002484      0x14e ./Sources/Events.o
 .debug_macro   0x000025d2       0x64 ./Sources/Events.o
 .debug_macro   0x00002636     0x6691 ./Sources/Events.o
 .debug_macro   0x00008cc7       0xa0 ./Sources/Events.o
 .debug_macro   0x00008d67       0x5e ./Sources/Events.o
 .debug_macro   0x00008dc5       0xc4 ./Sources/Events.o
 .debug_macro   0x00008e89       0x58 ./Sources/Events.o
 .debug_macro   0x00008ee1       0x35 ./Sources/Events.o
 .debug_macro   0x00008f16       0xa3 ./Sources/Events.o
 .debug_macro   0x00008fb9      0x166 ./Sources/Events.o
 .debug_macro   0x0000911f       0x52 ./Sources/Events.o
 .debug_macro   0x00009171       0x16 ./Sources/Events.o
 .debug_macro   0x00009187       0x43 ./Sources/Events.o
 .debug_macro   0x000091ca      0x180 ./Sources/Events.o
 .debug_macro   0x0000934a      0x2a6 ./Sources/Events.o
 .debug_macro   0x000095f0       0x10 ./Sources/Events.o
 .debug_macro   0x00009600       0x35 ./Sources/Events.o
 .debug_macro   0x00009635       0x19 ./Sources/Events.o
 .debug_macro   0x0000964e      0x25f ./Sources/Events.o
 .debug_macro   0x000098ad      0x168 ./Sources/Events.o
 .debug_macro   0x00009a15       0xe2 ./Sources/Events.o
 .debug_macro   0x00009af7       0x10 ./Sources/Events.o
 .debug_macro   0x00009b07       0x1f ./Sources/Events.o
 .debug_macro   0x00009b26      0x375 ./Sources/Events.o
 .debug_macro   0x00009e9b       0xc0 ./Sources/Events.o
 .debug_macro   0x00009f5b       0x8c ./Sources/Events.o
 .debug_macro   0x00009fe7       0x94 ./Sources/Events.o
 .debug_macro   0x0000a07b       0x7f ./Sources/Events.o
 .debug_macro   0x0000a0fa       0x97 ./Sources/Events.o
 .debug_macro   0x0000a191       0x19 ./Sources/Events.o
 .debug_macro   0x0000a1aa      0x314 ./Sources/Events.o
 .debug_macro   0x0000a4be       0x94 ./Sources/Events.o
 .debug_macro   0x0000a552      0x12c ./Sources/Events.o
 .debug_macro   0x0000a67e       0x40 ./Sources/Events.o
 .debug_macro   0x0000a6be       0x1f ./Sources/Events.o
 .debug_macro   0x0000a6dd       0x41 ./Sources/Events.o
 .debug_macro   0x0000a71e       0x65 ./Sources/Events.o
 .debug_macro   0x0000a783       0x12 ./Sources/Events.o
 .debug_macro   0x0000a795       0x46 ./Sources/Events.o
 .debug_macro   0x0000a7db       0x1f ./Sources/Events.o
 .debug_macro   0x0000a7fa       0x41 ./Sources/Events.o
 .debug_macro   0x0000a83b       0x46 ./Sources/Events.o
 .debug_macro   0x0000a881       0x1f ./Sources/Events.o
 .debug_macro   0x0000a8a0       0x41 ./Sources/Events.o
 .debug_macro   0x0000a8e1      0x61c ./Sources/Events.o
 .debug_macro   0x0000aefd       0x7b ./Sources/Events.o
 .debug_macro   0x0000af78       0x10 ./Sources/Events.o
 .debug_macro   0x0000af88      0x1dc ./Sources/Events.o
 .debug_macro   0x0000b164       0x4a ./Sources/Events.o
 .debug_macro   0x0000b1ae       0x1c ./Sources/Events.o
 .debug_macro   0x0000b1ca       0x16 ./Sources/Events.o
 .debug_macro   0x0000b1e0       0x37 ./Sources/Events.o
 .debug_macro   0x0000b217       0x10 ./Sources/Events.o
 .debug_macro   0x0000b227       0x66 ./Sources/Events.o
 .debug_macro   0x0000b28d       0x4c ./Sources/Events.o
 .debug_macro   0x0000b2d9       0x26 ./Sources/Events.o
 .debug_macro   0x0000b2ff       0x4c ./Sources/Events.o
 .debug_macro   0x0000b34b       0x26 ./Sources/Events.o
 .debug_macro   0x0000b371       0x1c ./Sources/Events.o
 .debug_macro   0x0000b38d       0x29 ./Sources/Events.o
 .debug_macro   0x0000b3b6       0x5e ./Sources/Events.o
 .debug_macro   0x0000b414       0x99 ./Sources/RingBuffer.o
 .debug_macro   0x0000b4ad       0xa0 ./Sources/RingBuffer.o
 .debug_macro   0x0000b54d      0x3b8 ./Sources/application.o
 .debug_macro   0x0000b905       0x16 ./Sources/application.o
 .debug_macro   0x0000b91b       0x97 ./Sources/application.o
 .debug_macro   0x0000b9b2       0x10 ./Sources/application.o
 .debug_macro   0x0000b9c2       0xef ./Sources/application.o
 .debug_macro   0x0000bab1       0x4a ./Sources/application.o